C251 COMPILER V5.60.0,  main                                                               25/11/25  21:19:13  PAGE 1   


C251 COMPILER V5.60.0, COMPILATION OF MODULE main
OBJECT MODULE PLACED IN .\out_file\main.obj
COMPILER INVOKED BY: D:\MDK\C251\BIN\C251.EXE ..\user\main.c LARGE NOALIAS FLOAT64 WARNINGLEVEL(3) OPTIMIZE(SIZE) BROWSE
                    - INCDIR(..\..\libraries\zf_common;..\..\libraries\zf_components;..\..\libraries\zf_device;..\..\libraries\zf_driver;..\u
                    -ser;..\code;..\Hardware) DEBUG PRINT(.\out_file\main.lst) OBJECT(.\out_file\main.obj) 

stmt  level    source

    1          
    2          #include "bsp.h"
    3          
    4          void main()
    5          {
    6   1         
    7   1        all_init();
    8   1        while(1)
    9   1        {  
   10   2             
   11   2            CCD_process();
   12   2            
   13   2            if (lcd_refresh_flag)
   14   2            {
   15   3                lcd_refresh_flag = 0;
   16   3                Self_LCD_Progress(); 
   17   3            }
   18   2      
   19   2      //      if (tsl1401_finish_flag)
   20   2      //      {
   21   2      //          tsl1401_finish_flag = 0;
   22   2      //          ccd_process_data(); 
   23   2      //      }
   24   2        }
   25   1      }


Module Information          Static   Overlayable
------------------------------------------------
  code size            =        52     ------
  ecode size           =    ------     ------
  data size            =    ------     ------
  idata size           =    ------     ------
  pdata size           =    ------     ------
  xdata size           =    ------     ------
  xdata-const size     =    ------     ------
  edata size           =    ------     ------
  bit size             =    ------     ------
  ebit size            =    ------     ------
  bitaddressable size  =    ------     ------
  ebitaddressable size =    ------     ------
  far data size        =    ------     ------
  huge data size       =    ------     ------
  const size           =    ------     ------
  hconst size          =         2     ------
End of Module Information.


C251 COMPILATION COMPLETE.  0 WARNING(S),  0 ERROR(S)
