C251 COMPILER V5.60.0,  self_menu                                                          03/12/25  21:47:44  PAGE 1   


C251 COMPILER V5.60.0, COMPILATION OF MODULE self_menu
OBJECT MODULE PLACED IN .\out_file\self_menu.obj
COMPILER INVOKED BY: D:\MDK\C251\BIN\C251.EXE ..\code\self_menu.c LARGE NOALIAS FLOAT64 WARNINGLEVEL(3) OPTIMIZE(SIZE) B
                    -ROWSE INCDIR(..\..\libraries\zf_common;..\..\libraries\zf_components;..\..\libraries\zf_device;..\..\libraries\zf_driver
                    -;..\user;..\code;..\Hardware) DEBUG PRINT(.\out_file\self_menu.lst) OBJECT(.\out_file\self_menu.obj) 

stmt  level    source

    1          #include "self_menu.h"
    2          
    3          #define M_MENU_DISPLAY_MAX_LINES 4
    4          #define S_MENU_DISPLAY_MAX_LINES 2
    5          
    6          MenuNode_t *CurrentMenu=NULL;   //全局变量，指向当前菜单指针
    7          MenuNode_t *CurrentRoot = NULL; // 当前正在显示的菜单列表的起点（根节点）
    8          
    9          void Menu_Display(void);
   10          
   11          MenuNode_t MenuNode_CCD = {
   12              "1.CCD_scan", 
   13               Menu_CCD_process
   14               
   15          };
   16          
   17          MenuNode_t MenuNode_LED1 = {
   18              "2.open_led1", 
   19               LED1_process
   20          };
   21          
   22          MenuNode_t MenuNode_LED2 = {
   23              "3.open_led2", 
   24               LED2_process
   25          };
   26          
   27          MenuNode_t MenuNode_LED2_2 = {
   28              "1.open_led2_2", 
   29               LED2_process
   30          };
   31          
   32          MenuNode_t Sub = {
   33              "sub", 
   34               NULL
   35          };
   36          
   37          MenuNode_t Back = {
   38              "Back", 
   39              NULL
   40          };
   41          
   42          
   43          //MenuNode_t *FixedMenuOrder[]={
   44          //    &MenuNode_CCD,
   45          //    &MenuNode_LED1,
   46          //    &Sub
   47          //};
   48          
   49          ////子菜单结构体
   50          //MenuNode_t *FixedMenuOrder2[]={
   51          //    &MenuNode_LED2,
   52          //    &Back
   53          //};
   54          
   55          void Menu_Init(void)
   56          {
   57   1          //建立双向环形连接
C251 COMPILER V5.60.0,  self_menu                                                          03/12/25  21:47:44  PAGE 2   

   58   1      // 1. 设置主菜单链表 (CCD <-> LED1 <-> LED2 <-> CCD)
   59   1          MenuNode_CCD.prev = &Sub; 
   60   1          MenuNode_CCD.next = &MenuNode_LED1;
   61   1          
   62   1          MenuNode_LED1.prev = &MenuNode_CCD;
   63   1          MenuNode_LED1.next = &MenuNode_LED2; // 修复：指向 sub
   64   1          
   65   1          MenuNode_LED2.prev = &MenuNode_LED1; // 修复：指向 LED1
   66   1          MenuNode_LED2.next = &Sub;  // 修复：指向 CCD (环形闭合)
   67   1      
   68   1          Sub.prev=&MenuNode_LED2;
   69   1          Sub.next=&MenuNode_CCD;
   70   1      
   71   1          // 设置当前菜单为起点
   72   1          CurrentMenu = &MenuNode_CCD;
   73   1          CurrentRoot=&MenuNode_CCD;
   74   1          
   75   1          Sub.childmenu = &MenuNode_LED2_2; // 子菜单
   76   1      
   77   1          Menu_Display();
   78   1      }
   79          
   80          void Sub_Menu_Link_Init(void)
   81          {
   82   1          // 假设子菜单列表只有 Back 一项，形成自环
   83   1          MenuNode_LED2_2.prev=&Back;
   84   1          MenuNode_LED2_2.next=&Back;
   85   1      
   86   1          Back.prev = &MenuNode_LED2_2;
   87   1          Back.next = &MenuNode_LED2_2;
   88   1      
   89   1          // 子菜单入口：让 Sub 节点指向 Back 节点
   90   1          Sub.childmenu = &MenuNode_LED2_2;
   91   1          
   92   1          // Back 节点的父菜单入口：指向主菜单的起点
   93   1          Back.fathermenu = &MenuNode_CCD; 
   94   1      
   95   1          Menu_Display();
   96   1      }
   97          // 移动到下一个菜单项 (例如 KEY1)
   98          void Menu_Move_Next(void)
   99          {
  100   1          if (CurrentMenu != NULL) {
  101   2              CurrentMenu = CurrentMenu->next;
  102   2              Menu_Display(); // 移动后立即刷新显示
  103   2          }
  104   1      }
  105          
  106          // 移动到上一个菜单项 (例如 KEY2)
  107          void Menu_Move_Prev(void) 
  108          {
  109   1          if (CurrentMenu != NULL) {
  110   2              CurrentMenu = CurrentMenu->prev;
  111   2              Menu_Display(); // 移动后立即刷新显示
  112   2          }
  113   1      }
  114          
  115          // 菜单项的确认/执行动作 (例如 KEY3)
  116          void Menu_Select_Action(void)
  117          {
  118   1          MenuNode_t *old_root;
  119   1      
  120   1          
  121   1          if (CurrentMenu->childmenu!=NULL)
  122   1          {
  123   2              old_root=CurrentMenu;   //记录旧菜单节点 (用于返回)
C251 COMPILER V5.60.0,  self_menu                                                          03/12/25  21:47:44  PAGE 3   

  124   2              CurrentRoot=CurrentMenu->childmenu;
  125   2              CurrentMenu=CurrentRoot;        //当前目录变为当前根目录
  126   2             Menu_Display();
  127   2              return; //没有return直接执行Back
  128   2              
  129   2          }
  130   1          else if (CurrentMenu->fathermenu != NULL) {
  131   2                  CurrentRoot = CurrentMenu->fathermenu; // 切换回父菜单的根节点
  132   2                  CurrentMenu = CurrentRoot;              // 选中父菜单的第一个项
  133   2                  Menu_Display();
  134   2                  return; // 完成操作，退出函数
  135   2              }
  136   1          else if (CurrentMenu != NULL && CurrentMenu->action_func != NULL) {
  137   2             // 执行当前菜单项绑定的功 能函数
  138   2              CurrentMenu->action_func();
  139   2              // 动作执行完毕后，可以停顿一下，或者回到菜单
  140   2              // Menu_Display(); 
  141   2          }
  142   1      }
  143          
  144          
  145          static MenuNode_t *old_current_root;
  146          // 菜单显示函数 (更新 LCD)
  147          void Menu_Display(void)
  148          {
  149   1          const unsigned int START_LINE=2;
  150   1          
  151   1          MenuNode_t *temp_node;
  152   1          const char *prefix;
  153   1          unsigned int current_line;
  154   1          unsigned int i;
  155   1          unsigned int menu_num;
  156   1          
  157   1         
  158   1          //从currentRoot开始遍历需求
  159   1      
  160   1          temp_node=CurrentRoot;
  161   1          current_line=START_LINE;
  162   1          
  163   1          if(temp_node==&MenuNode_CCD)
*** WARNING C153 IN LINE 163 OF ..\code\self_menu.c: '==': different spaced pointers (far,xdata)
  164   1          {
  165   2             LCD_PrintfLine(1,".......Menu....");
  166   2             menu_num=M_MENU_DISPLAY_MAX_LINES;
  167   2          }
  168   1          
  169   1          else if(temp_node==&MenuNode_LED2_2)
*** WARNING C153 IN LINE 169 OF ..\code\self_menu.c: '==': different spaced pointers (far,xdata)
  170   1          {
  171   2              
  172   2              menu_num=S_MENU_DISPLAY_MAX_LINES;
  173   2              LCD_PrintfLine(1,".....S.Menu....");
  174   2              
  175   2          }
  176   1          
  177   1          if(old_current_root!=CurrentRoot)
  178   1          {
  179   2              LCD_CLS(1);
  180   2          }
  181   1          
  182   1          
  183   1              for(i=0;i<menu_num;i++)
  184   1              {
  185   2                  current_line=START_LINE+i;
  186   2                  // // 如果当前行超过了我们预留的显示空间，就停止
  187   2                  // temp_node=FixedMenuOrder[i];
C251 COMPILER V5.60.0,  self_menu                                                          03/12/25  21:47:44  PAGE 4   

  188   2                  if (current_line > (START_LINE + M_MENU_DISPLAY_MAX_LINES - 1)) {
  189   3                      break;
  190   3                  }
  191   2                  
  192   2                  prefix = (temp_node == CurrentMenu) ? "-> " : "   ";
  193   2      
  194   2                  LCD_PrintfLine(current_line,"%s%s",prefix,temp_node->menu_name);
  195   2      
  196   2                  temp_node = temp_node->next;
  197   2              }
  198   1              
  199   1              old_current_root=CurrentRoot;
  200   1      
  201   1      }
  202          
*** WARNING C183 IN LINE 149 OF ..\code\self_menu.c: dead assignment eliminated
*** WARNING C184 IN LINE 197 OF ..\code\self_menu.c: value of 'menu_num' possibly undefined


Module Information          Static   Overlayable
------------------------------------------------
  code size            =       787     ------
  ecode size           =    ------     ------
  data size            =    ------     ------
  idata size           =    ------     ------
  pdata size           =    ------     ------
  xdata size           =       144         10
  xdata-const size     =    ------     ------
  edata size           =    ------     ------
  bit size             =    ------     ------
  ebit size            =    ------     ------
  bitaddressable size  =    ------     ------
  ebitaddressable size =    ------     ------
  far data size        =    ------     ------
  huge data size       =    ------     ------
  const size           =    ------     ------
  hconst size          =       283     ------
End of Module Information.


C251 COMPILATION COMPLETE.  4 WARNING(S),  0 ERROR(S)
