C251 COMPILER V5.60.0,  slef_button                                                        03/12/25  21:47:44  PAGE 1   


C251 COMPILER V5.60.0, COMPILATION OF MODULE slef_button
OBJECT MODULE PLACED IN .\out_file\slef_button.obj
COMPILER INVOKED BY: D:\MDK\C251\BIN\C251.EXE ..\code\slef_button.c LARGE NOALIAS FLOAT64 WARNINGLEVEL(3) OPTIMIZE(SIZE)
                    - BROWSE INCDIR(..\..\libraries\zf_common;..\..\libraries\zf_components;..\..\libraries\zf_device;..\..\libraries\zf_driv
                    -er;..\user;..\code;..\Hardware) DEBUG PRINT(.\out_file\slef_button.lst) OBJECT(.\out_file\slef_button.obj) 

stmt  level    source

    1          #include "self_button.h"
    2          
    3          
    4          
    5          key_t keys[KEY_COUNT]={
    6              //pin ,current_status,last_status,event_flag,.debounce_count
    7              {KEY1_PIN,KEY_UP,KEY_UP,0,0},
    8              {KEY2_PIN,KEY_UP,KEY_UP,0,0},
    9              {KEY3_PIN,KEY_UP,KEY_UP,0,0},
   10              {KEY4_PIN,KEY_UP,KEY_UP,0,0}
   11          };
   12          
   13          void self_key_init(void)
   14          {
   15   1          int i=0;
   16   1          
   17   1          gpio_init(LED1,GPO,0,GPO_PUSH_PULL);
   18   1          gpio_init(LED2,GPO,1,GPO_PUSH_PULL);
   19   1          for(i=0;i<KEY_COUNT;i++)
   20   1          {
   21   2              gpio_init(keys[i].pin,GPI,1,GPI_PULL_UP);
   22   2          }
   23   1      }
   24          uint8 key_value_test=0;
   25          // --- 按键扫描和去抖动逻辑 (建议在定时器中断中周期性调用，例如每 5ms) ---
   26          void key_value_process(void)
   27          {
   28   1          key_t* key;
   29   1          uint8 read_value=0;
   30   1          int i=0;
   31   1          
   32   1          for(i=0;i<KEY_COUNT;i++){
   33   2              key=&keys[i];
   34   2              //读取当前IO电平
   35   2              read_value=gpio_get_level(key->pin);
   36   2              
   37   2              
   38   2              if(read_value!=key->current_status){
   39   3                  // IO 电平与当前确认状态不一致，开始/继续计数
   40   3                  key->debounce_count++;
   41   3                  if( key->debounce_count>=KEY_DEBOUNCE_CNT)
   42   3                  {
   43   4                      
   44   4                      // 连续多次读取状态相同，确认状态已改变
   45   4                      //  检测状态变化（核心：抬起检测）
   46   4                      // 从上次确认按下 (!KEY_UP) 到本次确认抬起 (KEY_UP)
   47   4                      if(key->current_status ==KEY_DOWN&& read_value==KEY_UP)
   48   4                      {
   49   5                          key->event_flag = (i+1); // 设置标志位，i+1 即为 KeyID (1, 2, 3, 4)
   50   5                         
   51   5                      }
   52   4                      //更新状态
   53   4                      key->last_status = key->current_status;
   54   4                      key->current_status = read_value; // 更新为去抖成功的新状态
   55   4                      
   56   4                      key->debounce_count = 0; // 清除计数器
   57   4                  }
C251 COMPILER V5.60.0,  slef_button                                                        03/12/25  21:47:44  PAGE 2   

   58   3              }
   59   2              else{
   60   3                    key->debounce_count=0;
   61   3              }
   62   2      
   63   2          }
   64   1      }
   65          
   66          
   67          void check_key_event(void)
   68          {
   69   1          int i ;
   70   1          key_t* key ;
   71   1          uint8 key_id;
   72   1          
   73   1          for (i = 0; i < KEY_COUNT; i++)
   74   1          {
   75   2              key = &keys[i]; 
   76   2              key_id = i+1; // 1, 2, 3, 4
   77   2              //key_value_test=key_id;
   78   2              // 检查是否有按键抬起事件
   79   2              if (key->event_flag == key_id)
   80   2              {
   81   3                  // 1. 清除标志位（最先做，防止重复执行）
   82   3                  key->event_flag = 0;
   83   3                  
   84   3                  // 2. 更新测试值
   85   3                  key_value_test =  key_id; 
   86   3                  
   87   3      
   88   3                  // 3. 执行按键对应的操作 (使用 switch 分离逻辑)
   89   3                  switch (key_id) {
   90   4                      case 1: 
   91   4                          // KEY1 的操作
   92   4                          Menu_Move_Next();
   93   4                          // 仅 KEY1 影响 LED1
   94   4                          break;
   95   4                      case 2:
   96   4                          // KEY2 的操作
   97   4                          Menu_Move_Prev();
   98   4                          break;
   99   4                      case 3:
  100   4                          Menu_Select_Action();
  101   4                          break;
  102   4                      case 4:
  103   4                          //gpio_toggle_level(LED2);
  104   4                          break;
  105   4                  }
  106   3                  
  107   3                  // 4. 更新 LCD (放在最后，包含所有按键的最新状态)
  108   3                  // 注意：LCD_PrintfLine 可能会阻塞一段时间
  109   3      
  110   3                  // 可选：如果只需要响应一次按键抬起，可以 break 退出循环
  111   3                  // break;
  112   3              }
  113   2          }
  114   1      }
  115          
  116          void LED1_process()
  117          {
  118   1          gpio_toggle_level(LED1);
  119   1          
  120   1      }
  121          
  122          void LED2_process()
  123          {
C251 COMPILER V5.60.0,  slef_button                                                        03/12/25  21:47:44  PAGE 3   

  124   1          gpio_toggle_level(LED2);
  125   1          
  126   1      }


Module Information          Static   Overlayable
------------------------------------------------
  code size            =       357     ------
  ecode size           =    ------     ------
  data size            =    ------     ------
  idata size           =    ------     ------
  pdata size           =    ------     ------
  xdata size           =        21          8
  xdata-const size     =    ------     ------
  edata size           =    ------     ------
  bit size             =    ------     ------
  ebit size            =    ------     ------
  bitaddressable size  =    ------     ------
  ebitaddressable size =    ------     ------
  far data size        =    ------     ------
  huge data size       =    ------     ------
  const size           =    ------     ------
  hconst size          =        31     ------
End of Module Information.


C251 COMPILATION COMPLETE.  0 WARNING(S),  0 ERROR(S)
