C251 COMPILER V5.60.0,  bsp                                                                24/11/25  22:04:38  PAGE 1   


C251 COMPILER V5.60.0, COMPILATION OF MODULE bsp
OBJECT MODULE PLACED IN .\out_file\bsp.obj
COMPILER INVOKED BY: D:\MDK\C251\BIN\C251.EXE ..\code\bsp.c LARGE NOALIAS FLOAT64 WARNINGLEVEL(3) OPTIMIZE(SIZE) BROWSE 
                    -INCDIR(..\..\libraries\zf_common;..\..\libraries\zf_components;..\..\libraries\zf_device;..\..\libraries\zf_driver;..\us
                    -er;..\code;..\Hardware) DEBUG PRINT(.\out_file\bsp.lst) OBJECT(.\out_file\bsp.obj) 

stmt  level    source

    1          #include "bsp.h"
    2          
    3          
    4          uint8 task_num=0;
    5          
    6          //全局任务调度标志位
    7           bit lcd_refresh_flag =0;   //LCD刷新标志位
    8           bit ccd_data_ready_flag=0; //CCD数据采集标志位
    9          
   10          typedef struct scheduler
   11          {
   12              void(*task_func)(void);
   13              uint32 rate_ms;
   14              uint32 last_run;
   15          }scheduler_task_t;
   16          
   17          static scheduler_task_t scheduler_task[]={
   18             {led_process,100,0},
   19             {Servo_test_Process,10,0},
   20             {self_ble_process,10,0}
   21            };  //1表示10ms
   22          
   23          //初始化
   24          void scheduler_Init(void)
   25          {
   26   1          task_num=sizeof(scheduler_task)/sizeof(scheduler_task_t);
   27   1      }
   28          
   29          void all_init(void)
   30          {
   31   1          //底层初始化
   32   1          clock_init(SYSTEM_CLOCK_30M);
   33   1              debug_init();
   34   1          //gpio_init(LED1, GPO, GPIO_LOW, GPO_PUSH_PULL);
   35   1          scheduler_Init();   //任务调度器记得先初始化
   36   1          LCD_gpio_Init();
   37   1          //用户初始化
   38   1          self_pit_init();
   39   1          self_UART_init();
   40   1          //IIC_intit();
   41   1          Servo_init();
   42   1          CCD_init();
   43   1          ble6a20_init();
   44   1          
   45   1      }
   46          
   47          
   48          //CPU微延时函数
   49          void delay_cpu_cycle(u8 cycles)
   50          {
   51   1          while (cycles--);   //占用CPU周期实现微小延时
   52   1          
   53   1      }
   54          
   55          
   56          
   57          //执行任务表
C251 COMPILER V5.60.0,  bsp                                                                24/11/25  22:04:38  PAGE 2   

   58             //hal_tick函数不更新容易卡
   59          
   60          void scheduler_run(void)    //只执行轻量级任务
   61          {
   62   1          int i;
   63   1          for(i=0;i<task_num;i++)
   64   1          {
   65   2            uint32 Now_Time=pit_read();
   66   2              
   67   2              if(Now_Time>=scheduler_task[i].rate_ms+scheduler_task[i].last_run)
   68   2              {
   69   3                  scheduler_task[i].last_run=Now_Time;
   70   3                  //更新最后时间
   71   3                  scheduler_task[i].task_func();
   72   3                  //执行相应代码
   73   3              }
   74   2          }
   75   1      }


Module Information          Static   Overlayable
------------------------------------------------
  code size            =       185     ------
  ecode size           =    ------     ------
  data size            =    ------     ------
  idata size           =    ------     ------
  pdata size           =    ------     ------
  xdata size           =        31          4
  xdata-const size     =    ------     ------
  edata size           =    ------     ------
  bit size             =         2     ------
  ebit size            =    ------     ------
  bitaddressable size  =    ------     ------
  ebitaddressable size =    ------     ------
  far data size        =    ------     ------
  huge data size       =    ------     ------
  const size           =    ------     ------
  hconst size          =        41     ------
End of Module Information.


C251 COMPILATION COMPLETE.  0 WARNING(S),  0 ERROR(S)
