BL51 BANKED LINKER/LOCATER V6.22.4.0                                                    12/01/2025  17:24:40  PAGE 1


BL51 BANKED LINKER/LOCATER V6.22.4.0, INVOKED BY:
D:\MDK\C51\BIN\BL51.EXE .\Objects\main.obj TO .\Objects\uCx51_Demo PRINT (.\Listings\uCx51_Demo.m51) IXREF RAMSIZE (256)
>> 


MEMORY MODEL: LARGE WITH FLOATING POINT ARITHMETIC


INPUT MODULES INCLUDED:
  .\Objects\main.obj (MAIN)
  D:\MDK\C51\LIB\C51FPL.LIB (?C?FPADD)
  D:\MDK\C51\LIB\C51FPL.LIB (PRINTF)
  D:\MDK\C51\LIB\C51FPL.LIB (SCANF)
  D:\MDK\C51\LIB\C51FPL.LIB (?C?FPGETOPN)
  D:\MDK\C51\LIB\C51FPL.LIB (?C?FPROUND)
  D:\MDK\C51\LIB\C51FPL.LIB (?C?FPCONVERT)
  D:\MDK\C51\LIB\C51FPL.LIB (?C?ATOF)
  D:\MDK\C51\LIB\C51FPL.LIB (?C?FPMUL)
  D:\MDK\C51\LIB\C51FPL.LIB (?C?FPDIV)
  D:\MDK\C51\LIB\C51FPL.LIB (?C?FPNEG)
  D:\MDK\C51\LIB\C51FPL.LIB (?C?FCAST)
  D:\MDK\C51\LIB\C51FPL.LIB (?C?FTNPWR)
  D:\MDK\C51\LIB\C51L.LIB (?C_STARTUP)
  D:\MDK\C51\LIB\C51L.LIB (?C?CLDPTR)
  D:\MDK\C51\LIB\C51L.LIB (?C?CLDOPTR)
  D:\MDK\C51\LIB\C51L.LIB (?C?CSTPTR)
  D:\MDK\C51\LIB\C51L.LIB (?C?ISTPTR)
  D:\MDK\C51\LIB\C51L.LIB (?C?LNEG)
  D:\MDK\C51\LIB\C51L.LIB (?C?LSTPTR)
  D:\MDK\C51\LIB\C51L.LIB (?C?LSTXDATA)
  D:\MDK\C51\LIB\C51L.LIB (?C?PLDXDATA)
  D:\MDK\C51\LIB\C51L.LIB (?C?PLDIXDATA)
  D:\MDK\C51\LIB\C51L.LIB (?C?PILDXDATA)
  D:\MDK\C51\LIB\C51L.LIB (?C?PSTXDATA)
  D:\MDK\C51\LIB\C51L.LIB (?C?CCASE)
  D:\MDK\C51\LIB\C51L.LIB (PUTCHAR)
  D:\MDK\C51\LIB\C51L.LIB (GETCHAR)
  D:\MDK\C51\LIB\C51L.LIB (UNGETC)
  D:\MDK\C51\LIB\C51L.LIB (ISSPACE)
  D:\MDK\C51\LIB\C51L.LIB (?C?LSTIDATA)
  D:\MDK\C51\LIB\C51L.LIB (?C?LSTPDATA)
  D:\MDK\C51\LIB\C51L.LIB (_GETKEY)


LINK MAP OF MODULE:  .\Objects\uCx51_Demo (MAIN)


            TYPE    BASE      LENGTH    RELOCATION   SEGMENT NAME
            -----------------------------------------------------

            * * * * * * *   D A T A   M E M O R Y   * * * * * * *
            REG     0000H     0008H     ABSOLUTE     "REG BANK 0"
            DATA    0008H     000BH     UNIT         _DATA_GROUP_
                    0013H     000DH                  *** GAP ***
            BIT     0020H.0   0001H.3   UNIT         _BIT_GROUP_
            BIT     0021H.3   0000H.1   UNIT         ?BI?GETCHAR
                    0021H.4   0000H.4                *** GAP ***
            IDATA   0022H     0001H     UNIT         ?STACK
BL51 BANKED LINKER/LOCATER V6.22.4.0                                                  12/01/2025  17:24:40  PAGE 2



            * * * * * * *  X D A T A   M E M O R Y  * * * * * * *
            XDATA   0000H     003CH     UNIT         _XDATA_GROUP_
            XDATA   003CH     0001H     UNIT         ?XD?GETCHAR

            * * * * * * *   C O D E   M E M O R Y   * * * * * * *
            CODE    0000H     0003H     ABSOLUTE     
            CODE    0003H     0612H     UNIT         ?C?LIB_CODE
            CODE    0615H     0483H     UNIT         ?PR?PRINTF?PRINTF
            CODE    0A98H     035AH     UNIT         ?PR?SCANF?SCANF
            CODE    0DF2H     00E6H     UNIT         ?PR??C?ATOF??C?ATOF
            CODE    0ED8H     0088H     UNIT         ?PR?MAIN?MAIN
            CODE    0F60H     0027H     UNIT         ?PR?PUTCHAR?PUTCHAR
            CODE    0F87H     001FH     UNIT         ?CO?MAIN
            CODE    0FA6H     0014H     UNIT         ?PR?GETCHAR?GETCHAR
            CODE    0FBAH     0014H     UNIT         ?PR?_ISSPACE?ISSPACE
            CODE    0FCEH     000CH     UNIT         ?C_C51STARTUP
            CODE    0FDAH     000AH     UNIT         ?PR?_GETKEY?_GETKEY
            CODE    0FE4H     0008H     UNIT         ?PR?GETCHAR?UNGETCHAR



OVERLAY MAP OF MODULE:   .\Objects\uCx51_Demo (MAIN)


SEGMENT                           BIT_GROUP          DATA_GROUP          XDATA_GROUP
  +--> CALLED SEGMENT          START    LENGTH     START    LENGTH     START    LENGTH
--------------------------------------------------------------------------------------
?C_C51STARTUP                  -----    -----      -----    -----      -----    -----
  +--> ?PR?MAIN?MAIN

?PR?MAIN?MAIN                  -----    -----      -----    -----      0000H    000CH
  +--> ?CO?MAIN
  +--> ?PR?PRINTF?PRINTF
  +--> ?PR?SCANF?SCANF

?PR?PRINTF?PRINTF              0020H.0  0001H.1    0008H    0005H      000CH    0030H
  +--> ?PR?PUTCHAR?PUTCHAR

?PR?SCANF?SCANF                0020H.0  0000H.6    0008H    0009H      000CH    002EH
  +--> ?PR?GETCHAR?UNGETCHAR
  +--> ?PR?_ISSPACE?ISSPACE
  +--> ?PR?GETCHAR?GETCHAR
  +--> ?PR??C?ATOF??C?ATOF

?PR?GETCHAR?GETCHAR            -----    -----      -----    -----      -----    -----
  +--> ?PR?_GETKEY?_GETKEY
  +--> ?PR?PUTCHAR?PUTCHAR

?PR??C?ATOF??C?ATOF            0020H.6  0000H.5    0011H    0002H      -----    -----



SYMBOL TABLE OF MODULE:  .\Objects\uCx51_Demo (MAIN)

  VALUE           TYPE          NAME
  ----------------------------------
BL51 BANKED LINKER/LOCATER V6.22.4.0                                                  12/01/2025  17:24:40  PAGE 3



  -------         MODULE        MAIN
  C:0000H         SYMBOL        _ICE_DUMMY_
  D:0080H         PUBLIC        P0
  D:0090H         PUBLIC        P1
  D:00A0H         PUBLIC        P2
  D:00B0H         PUBLIC        P3
  D:00C0H         PUBLIC        P4
  D:00C8H         PUBLIC        P5
  D:00E8H         PUBLIC        P6
  D:00F8H         PUBLIC        P7
  D:00A8H         PUBLIC        IE
  B:00A8H.4       PUBLIC        ES
  D:00B8H         PUBLIC        IP
  B:0098H.1       PUBLIC        TI
  B:00B8H.4       PUBLIC        PS
  C:0ED8H         PUBLIC        main
  D:0098H         PUBLIC        SCON
  D:0088H         PUBLIC        TCON
  D:008EH         PUBLIC        AUXR
  D:00D6H         PUBLIC        T2H
  D:00D7H         PUBLIC        T2L
  D:00D0H         PUBLIC        PSW
  -------         PROC          MAIN
  -------         DO            
  X:0000H         SYMBOL        X
  X:0004H         SYMBOL        Y
  X:0008H         SYMBOL        Z
  C:0EF0H         SYMBOL        Main_Loop
  -------         ENDDO         
  C:0ED8H         LINE#         19
  C:0ED8H         LINE#         24
  C:0EDBH         LINE#         25
  C:0EDEH         LINE#         26
  C:0EE1H         LINE#         27
  C:0EE4H         LINE#         28
  C:0EE7H         LINE#         29
  C:0EEAH         LINE#         30
  C:0EECH         LINE#         31
  C:0EEEH         LINE#         32
  C:0EF0H         LINE#         35
  C:0EF0H         LINE#         36
  C:0EF9H         LINE#         37
  C:0F1CH         LINE#         39
  C:0F41H         LINE#         40
  C:0F5EH         LINE#         43
  -------         ENDPROC       MAIN
  -------         ENDMOD        MAIN

  -------         MODULE        ?C?FPADD
  C:000AH         PUBLIC        ?C?FPADD
  C:0006H         PUBLIC        ?C?FPSUB
  -------         ENDMOD        ?C?FPADD

  -------         MODULE        PRINTF
  X:000CH         PUBLIC        ?_PRINTF?BYTE
  X:000CH         PUBLIC        ?_SPRINTF?BYTE
BL51 BANKED LINKER/LOCATER V6.22.4.0                                                  12/01/2025  17:24:40  PAGE 4


  C:0680H         PUBLIC        _PRINTF
  C:067AH         PUBLIC        _SPRINTF
  -------         ENDMOD        PRINTF

  -------         MODULE        SCANF
  X:000CH         PUBLIC        ?_SCANF?BYTE
  X:000CH         PUBLIC        ?_SSCANF?BYTE
  C:0B25H         PUBLIC        _SCANF
  C:0B21H         PUBLIC        _SSCANF
  -------         ENDMOD        SCANF

  -------         MODULE        ?C?FPROUND
  C:0145H         PUBLIC        ?C?FPROUND
  -------         ENDMOD        ?C?FPROUND

  -------         MODULE        ?C?FPCONVERT
  C:0182H         PUBLIC        ?C?FPCONVERT
  -------         ENDMOD        ?C?FPCONVERT

  -------         MODULE        ?C?FPMUL
  C:0287H         PUBLIC        ?C?FPMUL
  -------         ENDMOD        ?C?FPMUL

  -------         MODULE        ?C?FPDIV
  C:0390H         PUBLIC        ?C?FPDIV
  -------         ENDMOD        ?C?FPDIV

  -------         MODULE        ?C?FPNEG
  C:042DH         PUBLIC        ?C?FPNEG
  -------         ENDMOD        ?C?FPNEG

  -------         MODULE        ?C?FCAST
  C:0448H         PUBLIC        ?C?FCASTC
  C:0443H         PUBLIC        ?C?FCASTI
  C:043EH         PUBLIC        ?C?FCASTL
  -------         ENDMOD        ?C?FCAST

  -------         MODULE        ?C?FTNPWR
  C:04ACH         PUBLIC        ?C?FTNPWR
  -------         ENDMOD        ?C?FTNPWR

  -------         MODULE        ?C?CLDPTR
  C:04ECH         PUBLIC        ?C?CLDPTR
  -------         ENDMOD        ?C?CLDPTR

  -------         MODULE        ?C?CLDOPTR
  C:0505H         PUBLIC        ?C?CLDOPTR
  -------         ENDMOD        ?C?CLDOPTR

  -------         MODULE        ?C?CSTPTR
  C:0532H         PUBLIC        ?C?CSTPTR
  -------         ENDMOD        ?C?CSTPTR

  -------         MODULE        ?C?ISTPTR
  C:0544H         PUBLIC        ?C?ISTPTR
  -------         ENDMOD        ?C?ISTPTR

BL51 BANKED LINKER/LOCATER V6.22.4.0                                                  12/01/2025  17:24:40  PAGE 5


  -------         MODULE        ?C?LNEG
  C:0563H         PUBLIC        ?C?LNEG
  -------         ENDMOD        ?C?LNEG

  -------         MODULE        ?C?LSTPTR
  C:0571H         PUBLIC        ?C?LSTPTR
  -------         ENDMOD        ?C?LSTPTR

  -------         MODULE        ?C?LSTXDATA
  C:058BH         PUBLIC        ?C?LSTXDATA
  -------         ENDMOD        ?C?LSTXDATA

  -------         MODULE        ?C?PLDXDATA
  C:0597H         PUBLIC        ?C?PLDXDATA
  -------         ENDMOD        ?C?PLDXDATA

  -------         MODULE        ?C?PLDIXDATA
  C:05A0H         PUBLIC        ?C?PLDIXDATA
  -------         ENDMOD        ?C?PLDIXDATA

  -------         MODULE        ?C?PILDXDATA
  C:05B7H         PUBLIC        ?C?PILDXDATA
  -------         ENDMOD        ?C?PILDXDATA

  -------         MODULE        ?C?PSTXDATA
  C:05CEH         PUBLIC        ?C?PSTXDATA
  -------         ENDMOD        ?C?PSTXDATA

  -------         MODULE        ?C?CCASE
  C:05D7H         PUBLIC        ?C?CCASE
  -------         ENDMOD        ?C?CCASE

  -------         MODULE        PUTCHAR
  C:0F60H         PUBLIC        _PUTCHAR
  -------         ENDMOD        PUTCHAR

  -------         MODULE        GETCHAR
  B:0021H.3       PUBLIC        ?C?CHARLOADED
  X:003CH         PUBLIC        ?_UNGETCHAR?BYTE
  C:0FA6H         PUBLIC        GETCHAR
  -------         ENDMOD        GETCHAR

  -------         MODULE        UNGETC
  C:0FE4H         PUBLIC        _UNGETCHAR
  -------         ENDMOD        UNGETC

  -------         MODULE        ISSPACE
  C:0FBAH         PUBLIC        _isspace
  -------         ENDMOD        ISSPACE

  -------         MODULE        ?C?LSTIDATA
  C:05FDH         PUBLIC        ?C?LSTIDATA
  -------         ENDMOD        ?C?LSTIDATA

  -------         MODULE        ?C?LSTPDATA
  C:0609H         PUBLIC        ?C?LSTPDATA
  -------         ENDMOD        ?C?LSTPDATA
BL51 BANKED LINKER/LOCATER V6.22.4.0                                                  12/01/2025  17:24:40  PAGE 6



  -------         MODULE        _GETKEY
  C:0FDAH         PUBLIC        _GETKEY
  -------         ENDMOD        _GETKEY



INTER-MODULE CROSS-REFERENCE LISTING
------------------------------------


NAME . . . . . . . USAGE    MODULE NAMES
----------------------------------------

?C?ATOFFIRSTCALL . BIT;     ?C?ATOF  SCANF  
?C?CCASE . . . . . CODE;    ?C?CCASE  PRINTF  SCANF  
?C?CHARLOADED. . . BIT;     GETCHAR  UNGETC  
?C?CLDOPTR . . . . CODE;    ?C?CLDOPTR  PRINTF  
?C?CLDPTR. . . . . CODE;    ?C?CLDPTR  PRINTF  SCANF  
?C?CSTPTR. . . . . CODE;    ?C?CSTPTR  PRINTF  SCANF  
?C?FCASTC. . . . . CODE;    ?C?FCAST  ?C?ATOF  
?C?FCASTI. . . . . CODE;    ?C?FCAST  
?C?FCASTL. . . . . CODE;    ?C?FCAST  
?C?FPADD . . . . . CODE;    ?C?FPADD  ?C?ATOF  ?C?FPCONVERT  MAIN  
?C?FPATOF. . . . . CODE;    ?C?ATOF  SCANF  
?C?FPCONVERT . . . CODE;    ?C?FPCONVERT  PRINTF  
?C?FPDIV . . . . . CODE;    ?C?FPDIV  ?C?ATOF  ?C?FPCONVERT  
?C?FPGETOPN2 . . . CODE;    ?C?FPGETOPN  ?C?FPADD  ?C?FPDIV  ?C?FPMUL  
?C?FPMUL . . . . . CODE;    ?C?FPMUL  ?C?ATOF  ?C?FPCONVERT  ?C?FTNPWR  
?C?FPNANRESULT . . CODE;    ?C?FPGETOPN  ?C?ATOF  ?C?FPADD  ?C?FPDIV  ?C?FPMUL  
?C?FPNEG . . . . . CODE;    ?C?FPNEG  ?C?ATOF  
?C?FPOVERFLOW. . . CODE;    ?C?FPGETOPN  ?C?FPADD  ?C?FPDIV  ?C?FPMUL  
?C?FPRESULT. . . . CODE;    ?C?FPGETOPN  ?C?FPADD  ?C?FPDIV  ?C?FPMUL  
?C?FPRESULT2 . . . CODE;    ?C?FPGETOPN  ?C?FPDIV  ?C?FPMUL  
?C?FPROUND . . . . CODE;    ?C?FPROUND  PRINTF  
?C?FPSUB . . . . . CODE;    ?C?FPADD  
?C?FPUNDERFLOW . . CODE;    ?C?FPGETOPN  ?C?FPADD  ?C?FPDIV  ?C?FPMUL  
?C?FTNPWR. . . . . CODE;    ?C?FTNPWR  ?C?ATOF  ?C?FPCONVERT  
?C?ISTPTR. . . . . CODE;    ?C?ISTPTR  SCANF  
?C?LNEG. . . . . . CODE;    ?C?LNEG  ?C?FCAST  SCANF  
?C?LSTIDATA. . . . CODE;    ?C?LSTIDATA  ?C?LSTPTR  
?C?LSTPDATA. . . . CODE;    ?C?LSTPDATA  ?C?LSTPTR  
?C?LSTPTR. . . . . CODE;    ?C?LSTPTR  SCANF  
?C?LSTXDATA. . . . CODE;    ?C?LSTXDATA  ?C?LSTPTR  MAIN  
?C?PILDXDATA . . . CODE;    ?C?PILDXDATA  SCANF  
?C?PLDIXDATA . . . CODE;    ?C?PLDIXDATA  PRINTF  SCANF  
?C?PLDXDATA. . . . CODE;    ?C?PLDXDATA  SCANF  
?C?PSTXDATA. . . . CODE;    ?C?PSTXDATA  PRINTF  SCANF  
?C_START . . . . . CODE;    ** L51 GENERATED **  ?C_STARTUP  
?C_STARTUP . . . . CODE;    ?C_STARTUP  MAIN  
?_PRINTF?BYTE. . . XDATA;   PRINTF  MAIN  
?_SCANF?BYTE . . . XDATA;   SCANF  MAIN  
?_SPRINTF?BYTE . . XDATA;   PRINTF  
?_SSCANF?BYTE. . . XDATA;   SCANF  
?_UNGETCHAR?BYTE . XDATA;   GETCHAR  UNGETC  
GETCHAR. . . . . . CODE;    GETCHAR  SCANF  
MAIN . . . . . . . CODE;    MAIN  
BL51 BANKED LINKER/LOCATER V6.22.4.0                                                  12/01/2025  17:24:40  PAGE 7


_GETKEY. . . . . . CODE;    _GETKEY  GETCHAR  
_ISSPACE . . . . . CODE;    ISSPACE  SCANF  
_PRINTF. . . . . . CODE;    PRINTF  MAIN  
_PUTCHAR . . . . . CODE;    PUTCHAR  GETCHAR  PRINTF  
_SCANF . . . . . . CODE;    SCANF  MAIN  
_SPRINTF . . . . . CODE;    PRINTF  
_SSCANF. . . . . . CODE;    SCANF  
_UNGETCHAR . . . . CODE;    UNGETC  SCANF  

Program Size: data=21.4 xdata=61 code=4076
LINK/LOCATE RUN COMPLETE.  0 WARNING(S),  0 ERROR(S)
