C251 COMPILER V5.60.0,  bsp                                                                20/11/25  21:26:18  PAGE 1   


C251 COMPILER V5.60.0, COMPILATION OF MODULE bsp
OBJECT MODULE PLACED IN .\out_file\bsp.obj
COMPILER INVOKED BY: D:\MDK\C251\BIN\C251.EXE ..\code\bsp.c LARGE NOALIAS FLOAT64 WARNINGLEVEL(3) OPTIMIZE(SIZE) BROWSE 
                    -INCDIR(..\..\libraries\zf_common;..\..\libraries\zf_components;..\..\libraries\zf_device;..\..\libraries\zf_driver;..\us
                    -er;..\code;..\Hardware) DEBUG PRINT(.\out_file\bsp.lst) OBJECT(.\out_file\bsp.obj) 

stmt  level    source

    1          #include "bsp.h"
    2          
    3          
    4          uint8 task_num=0;
    5          
    6          //全局任务调度标志位
    7           bit lcd_refresh_flag =0;   //LCD刷新标志位
    8           bit ccd_data_ready_flag=0; //CCD数据采集标志位
    9          
   10          typedef struct scheduler
   11          {
   12              void(*task_func)(void);
   13              uint32 rate_ms;
   14              uint32 last_run;
   15          }scheduler_task_t;
   16          
   17          static scheduler_task_t scheduler_task[]={
   18             {led_process,100,0},
   19             {Servo_test_Process,10,0},
   20            };  //1表示10ms
   21          
   22          //初始化
   23          void scheduler_Init(void)
   24          {
   25   1          task_num=sizeof(scheduler_task)/sizeof(scheduler_task_t);
   26   1      }
   27          
   28          void all_init(void)
   29          {
   30   1          //底层初始化
   31   1          clock_init(SYSTEM_CLOCK_30M);
   32   1              debug_init();
   33   1          //gpio_init(LED1, GPO, GPIO_LOW, GPO_PUSH_PULL);
   34   1          scheduler_Init();   //任务调度器记得先初始化
   35   1          LCD_gpio_Init();
   36   1          //用户初始化
   37   1          self_pit_init();
   38   1          self_UART_init();
   39   1          //IIC_intit();
   40   1          Servo_init();
   41   1          CCD_init();
   42   1          
   43   1      }
   44          
   45          
   46          //CPU微延时函数
   47          void delay_cpu_cycle(u8 cycles)
   48          {
   49   1          while (cycles--);   //占用CPU周期实现微小延时
   50   1          
   51   1      }
   52          
   53          
   54          
   55          //执行任务表
   56             //hal_tick函数不更新容易卡
   57          
C251 COMPILER V5.60.0,  bsp                                                                20/11/25  21:26:18  PAGE 2   

   58          void scheduler_run(void)    //只执行轻量级任务
   59          {
   60   1          int i;
   61   1          for(i=0;i<task_num;i++)
   62   1          {
   63   2            uint32 Now_Time=pit_read();
   64   2              
   65   2              if(Now_Time>=scheduler_task[i].rate_ms+scheduler_task[i].last_run)
   66   2              {
   67   3                  scheduler_task[i].last_run=Now_Time;
   68   3                  //更新最后时间
   69   3                  scheduler_task[i].task_func();
   70   3                  //执行相应代码
   71   3              }
   72   2          }
   73   1      }


Module Information          Static   Overlayable
------------------------------------------------
  code size            =       182     ------
  ecode size           =    ------     ------
  data size            =    ------     ------
  idata size           =    ------     ------
  pdata size           =    ------     ------
  xdata size           =        21          4
  xdata-const size     =    ------     ------
  edata size           =    ------     ------
  bit size             =         2     ------
  ebit size            =    ------     ------
  bitaddressable size  =    ------     ------
  ebitaddressable size =    ------     ------
  far data size        =    ------     ------
  huge data size       =    ------     ------
  const size           =    ------     ------
  hconst size          =        31     ------
End of Module Information.


C251 COMPILATION COMPLETE.  0 WARNING(S),  0 ERROR(S)
