C251 COMPILER V5.60.0,  isr                                                                26/11/25  16:16:40  PAGE 1   


C251 COMPILER V5.60.0, COMPILATION OF MODULE isr
OBJECT MODULE PLACED IN .\out_file\isr.obj
COMPILER INVOKED BY: D:\MDK\C251\BIN\C251.EXE ..\user\isr.c LARGE NOALIAS FLOAT64 WARNINGLEVEL(3) OPTIMIZE(SIZE) BROWSE 
                    -INCDIR(..\..\libraries\zf_common;..\..\libraries\zf_components;..\..\libraries\zf_device;..\..\libraries\zf_driver;..\us
                    -er;..\code;..\Hardware) DEBUG PRINT(.\out_file\isr.lst) OBJECT(.\out_file\isr.obj) 

stmt  level    source

    1          
    2          
    3          #include "zf_common_headfile.h"
    4          
    5          void DMA_UART1_IRQHandler(void) interrupt 4
    6          {
    7   1          static vuint8 dwon_count = 0;
    8   1      
    9   1          if (DMA_UR1R_STA & 0x01) // 接收完成
   10   1          {
   11   2              DMA_UR1R_STA &= ~0x01;      // 清标志位
   12   2              uart_rx_start_buff(UART_1); // 设置下一次接收，务必保留
   13   2      
   14   2              // 程序自动下载
   15   2              if (uart_rx_buff[UART_1][0] == 0x7F)
   16   2              {
   17   3                  if (dwon_count++ > 20)
   18   3                  {
   19   4                      IAP_CONTR = 0x60;
   20   4                  }
   21   3              }
   22   2              else
   23   2              {
   24   3                  dwon_count = 0;
   25   3              }
   26   2      
   27   2              if (uart1_irq_handler != NULL)
   28   2              {
   29   3                  uart1_irq_handler(uart_rx_buff[UART_1][0]);
   30   3              }
   31   2          }
   32   1      
   33   1          if (DMA_UR1R_STA & 0x02) // 数据丢弃
   34   1          {
   35   2              DMA_UR1R_STA &= ~0x02;      // 清标志位
   36   2              uart_rx_start_buff(UART_1); // 设置下一次接收，务必保留
   37   2              // 如果进入了这个中断，则代表UART的数据在没有取走之前被覆盖!
   38   2              // 如果进入了这个中断，则代表UART的数据在没有取走之前被覆盖!
   39   2              // 如果进入了这个中断，则代表UART的数据在没有取走之前被覆盖!
   40   2          }
   41   1      }
   42          
   43          void DMA_UART2_IRQHandler(void) interrupt 8
   44          {
   45   1          if (DMA_UR2R_STA & 0x01) // 接收完成
   46   1          {
   47   2              DMA_UR2R_STA &= ~0x01;      // 清标志位
   48   2              uart_rx_start_buff(UART_2); // 设置下一次接收，务必保留
   49   2      
   50   2              if (uart2_irq_handler != NULL)
   51   2              {
   52   3                  uart2_irq_handler(uart_rx_buff[UART_2][0]);
   53   3              }
   54   2          }
   55   1      
   56   1          if (DMA_UR2R_STA & 0x02) // 数据丢弃
   57   1          {
C251 COMPILER V5.60.0,  isr                                                                26/11/25  16:16:40  PAGE 2   

   58   2              DMA_UR2R_STA &= ~0x02;      // 清标志位
   59   2              uart_rx_start_buff(UART_2); // 设置下一次接收，务必保留
   60   2              // 如果进入了这个中断，则代表UART的数据在没有取走之前被覆盖!
   61   2              // 如果进入了这个中断，则代表UART的数据在没有取走之前被覆盖!
   62   2              // 如果进入了这个中断，则代表UART的数据在没有取走之前被覆盖!
   63   2          }
   64   1      }
   65          
   66          void DMA_UART3_IRQHandler(void) interrupt 17
   67          {
   68   1          if (DMA_UR3R_STA & 0x01) // 接收完成
   69   1          {
   70   2              DMA_UR3R_STA &= ~0x01;      // 清标志位
   71   2              uart_rx_start_buff(UART_3); // 设置下一次接收，务必保留
   72   2      
   73   2              if (uart3_irq_handler != NULL)
   74   2              {
   75   3                  uart3_irq_handler(uart_rx_buff[UART_3][0]);
   76   3              }
   77   2          }
   78   1      
   79   1          if (DMA_UR3R_STA & 0x02) // 数据丢弃
   80   1          {
   81   2              DMA_UR3R_STA &= ~0x02;      // 清标志位
   82   2              uart_rx_start_buff(UART_3); // 设置下一次接收，务必保留
   83   2              // 如果进入了这个中断，则代表UART的数据在没有取走之前被覆盖!
   84   2              // 如果进入了这个中断，则代表UART的数据在没有取走之前被覆盖!
   85   2              // 如果进入了这个中断，则代表UART的数据在没有取走之前被覆盖!
   86   2          }
   87   1      }
   88          
   89          void DMA_UART4_IRQHandler(void) interrupt 18
   90          {
   91   1          if (DMA_UR4R_STA & 0x01) // 接收完成
   92   1          {
   93   2              DMA_UR4R_STA &= ~0x01;      // 清标志位
   94   2              uart_rx_start_buff(UART_4); // 设置下一次接收，务必保留
   95   2      
   96   2              if (uart4_irq_handler != NULL)
   97   2              {
   98   3                  uart4_irq_handler(uart_rx_buff[UART_4][0]);
   99   3              }
  100   2          }
  101   1      
  102   1          if (DMA_UR4R_STA & 0x02) // 数据丢弃
  103   1          {
  104   2              DMA_UR4R_STA &= ~0x02;      // 清标志位
  105   2              uart_rx_start_buff(UART_4); // 设置下一次接收，务必保留
  106   2              // 如果进入了这个中断，则代表UART的数据在没有取走之前被覆盖!
  107   2              // 如果进入了这个中断，则代表UART的数据在没有取走之前被覆盖!
  108   2              // 如果进入了这个中断，则代表UART的数据在没有取走之前被覆盖!
  109   2          }
  110   1      }
  111          
  112          void TM0_IRQHandler() interrupt 1       //PIT
  113          {
  114   1          TIM0_CLEAR_FLAG;
  115   1      
  116   1          if (tim0_irq_handler != NULL)
  117   1          {
  118   2              tim0_irq_handler();
  119   2          }
  120   1      }
  121          
  122          void TM1_IRQHandler() interrupt 3   //CCD
  123          {
C251 COMPILER V5.60.0,  isr                                                                26/11/25  16:16:40  PAGE 3   

  124   1          TIM1_CLEAR_FLAG;
  125   1      
  126   1          if (tim1_irq_handler != NULL)
  127   1          {
  128   2              tim1_irq_handler();
  129   2          }
  130   1      }
  131          
  132          void TM2_IRQHandler() interrupt 12  //SERVO_pid
  133          {
  134   1          TIM2_CLEAR_FLAG;
  135   1      
  136   1          if (tim2_irq_handler != NULL)
  137   1          {
  138   2              tim2_irq_handler();
  139   2          }
  140   1      }
  141          
  142          void TM3_IRQHandler() interrupt 19  //motor_pid
  143          {
  144   1          TIM3_CLEAR_FLAG;
  145   1      
  146   1          if (tim3_irq_handler != NULL)
  147   1          {
  148   2              tim3_irq_handler();
  149   2          }
  150   1      }
  151          
  152          void TM4_IRQHandler() interrupt 20  //lazer_pid
  153          {
  154   1          TIM4_CLEAR_FLAG;
  155   1      
  156   1          if (tim4_irq_handler != NULL)
  157   1          {
  158   2              tim4_irq_handler();
  159   2          }
  160   1      }
  161          
  162          
  163          //#define     INT0_VECTOR             0       //0003H
  164          //#define     TMR0_VECTOR             1       //000BH
  165          //#define     INT1_VECTOR             2       //0013H
  166          //#define     TMR1_VECTOR             3       //001BH
  167          //#define     UART1_VECTOR            4       //0023H
  168          //#define     ADC_VECTOR              5       //002BH
  169          //#define     LVD_VECTOR              6       //0033H
  170          ////#define   PCA_VECTOR              7       //003BH
  171          //#define     UART2_VECTOR            8       //0043H
  172          //#define     SPI_VECTOR              9       //004BH
  173          //#define     INT2_VECTOR             10      //0053H
  174          //#define     INT3_VECTOR             11      //005BH
  175          //#define     TMR2_VECTOR             12      //0063H
  176          //#define     USER_VECTOR             13      //006BH
  177          //#define     BRK_VECTOR              14      //0073H
  178          //#define     ICEP_VECTOR             15      //007BH
  179          //#define     INT4_VECTOR             16      //0083H
  180          //#define     UART3_VECTOR            17      //008BH
  181          //#define     UART4_VECTOR            18      //0093H
  182          //#define     TMR3_VECTOR             19      //009BH
  183          //#define     TMR4_VECTOR             20      //00A3H
  184          //#define     CMP_VECTOR              21      //00ABH
  185          ////#define   PWM_VECTOR              22      //00B3H
  186          ////#define   PWMFD_VECTOR            23      //00BBH
  187          //#define     I2C_VECTOR              24      //00C3H
  188          //#define     USB_VECTOR              25      //00CBH
  189          //#define     PWMA_VECTOR             26      //00D3H
C251 COMPILER V5.60.0,  isr                                                                26/11/25  16:16:40  PAGE 4   

  190          //#define     PWMB_VECTOR             27      //00DBH
  191          //#define     CAN1_VECTOR             28      //00E3H
  192          //#define     CAN2_VECTOR             29      //00EBH
  193          //#define     LIN_VECTOR              30      //00F3H
  194          
  195          //#define     RTC_VECTOR              36      //0123H
  196          //#define     P0INT_VECTOR            37      //012BH
  197          //#define     P1INT_VECTOR            38      //0133H
  198          //#define     P2INT_VECTOR            39      //013BH
  199          //#define     P3INT_VECTOR            40      //0143H
  200          //#define     P4INT_VECTOR            41      //014BH
  201          //#define     P5INT_VECTOR            42      //0153H
  202          //#define     P6INT_VECTOR            43      //015BH
  203          //#define     P7INT_VECTOR            44      //0163H
  204          //#define     DMA_M2M_VECTOR          47      //017BH
  205          //#define     DMA_ADC_VECTOR          48      //0183H
  206          //#define     DMA_SPI_VECTOR          49      //018BH
  207          //#define     DMA_UR1T_VECTOR         50      //0193H
  208          //#define     DMA_UR1R_VECTOR         51      //019BH
  209          //#define     DMA_UR2T_VECTOR         52      //01A3H
  210          //#define     DMA_UR2R_VECTOR         53      //01ABH
  211          //#define     DMA_UR3T_VECTOR         54      //01B3H
  212          //#define     DMA_UR3R_VECTOR         55      //01BBH
  213          //#define     DMA_UR4T_VECTOR         56      //01C3H
  214          //#define     DMA_UR4R_VECTOR         57      //01CBH
  215          //#define     DMA_LCM_VECTOR          58      //01D3H
  216          //#define     LCM_VECTOR              59      //01DBH
  217          //#define     DMA_I2CT_VECTOR         60      //01E3H
  218          //#define     DMA_I2CR_VECTOR         61      //01EBH
  219          //#define     I2S_VECTOR              62      //01F3H
  220          //#define     DMA_I2ST_VECTOR         63      //01FBH
  221          //#define     DMA_I2SR_VECTOR         64      //0203H


Module Information          Static   Overlayable
------------------------------------------------
  code size            =       851     ------
  ecode size           =    ------     ------
  data size            =    ------     ------
  idata size           =    ------     ------
  pdata size           =    ------     ------
  xdata size           =         1     ------
  xdata-const size     =    ------     ------
  edata size           =    ------     ------
  bit size             =    ------     ------
  ebit size            =    ------     ------
  bitaddressable size  =    ------     ------
  ebitaddressable size =    ------     ------
  far data size        =    ------     ------
  huge data size       =    ------     ------
  const size           =    ------     ------
  hconst size          =         6     ------
End of Module Information.


C251 COMPILATION COMPLETE.  0 WARNING(S),  0 ERROR(S)
