C251 COMPILER V5.60.0,  list                                                               03/12/25  17:09:37  PAGE 1   


C251 COMPILER V5.60.0, COMPILATION OF MODULE list
OBJECT MODULE PLACED IN .\Objects\list.obj
COMPILER INVOKED BY: D:\MDK\C251\BIN\C251.EXE FreeRTOS\list.c XSMALL INTR2 FUNCTIONS(REENTRANT) BROWSE INCDIR(.\FreeRTOS
                    -\include;.\library;.\FreeRTOS\portable\STC32G12K128) DEBUG PRINT(.\Listings\list.lst) OBJECT(.\Objects\list.obj) 

stmt  level    source

    1          /*
    2           * FreeRTOS Kernel V10.5.1
    3           * Copyright (C) 2021 Amazon.com, Inc. or its affiliates.  All Rights Reserved.
    4           *
    5           * SPDX-License-Identifier: MIT
    6           *
    7           * Permission is hereby granted, free of charge, to any person obtaining a copy of
    8           * this software and associated documentation files (the "Software"), to deal in
    9           * the Software without restriction, including without limitation the rights to
   10           * use, copy, modify, merge, publish, distribute, sublicense, and/or sell copies of
   11           * the Software, and to permit persons to whom the Software is furnished to do so,
   12           * subject to the following conditions:
   13           *
   14           * The above copyright notice and this permission notice shall be included in all
   15           * copies or substantial portions of the Software.
   16           *
   17           * THE SOFTWARE IS PROVIDED "AS IS", WITHOUT WARRANTY OF ANY KIND, EXPRESS OR
   18           * IMPLIED, INCLUDING BUT NOT LIMITED TO THE WARRANTIES OF MERCHANTABILITY, FITNESS
   19           * FOR A PARTICULAR PURPOSE AND NONINFRINGEMENT. IN NO EVENT SHALL THE AUTHORS OR
   20           * COPYRIGHT HOLDERS BE LIABLE FOR ANY CLAIM, DAMAGES OR OTHER LIABILITY, WHETHER
   21           * IN AN ACTION OF CONTRACT, TORT OR OTHERWISE, ARISING FROM, OUT OF OR IN
   22           * CONNECTION WITH THE SOFTWARE OR THE USE OR OTHER DEALINGS IN THE SOFTWARE.
   23           *
   24           * https://www.FreeRTOS.org
   25           * https://github.com/FreeRTOS
   26           *
   27           */
   28          
   29          
   30          #include <stdlib.h>
   31          
   32          /* Defining MPU_WRAPPERS_INCLUDED_FROM_API_FILE prevents task.h from redefining
   33           * all the API functions to use the MPU wrappers.  That should only be done when
   34           * task.h is included from an application file. */
   35          #define MPU_WRAPPERS_INCLUDED_FROM_API_FILE
   36          
   37          #include "FreeRTOS.h"
   38          #include "list.h"
   39          
   40          /* Lint e9021, e961 and e750 are suppressed as a MISRA exception justified
   41           * because the MPU ports require MPU_WRAPPERS_INCLUDED_FROM_API_FILE to be
   42           * defined for the header files above, but not in this file, in order to
   43           * generate the correct privileged Vs unprivileged linkage and placement. */
   44          #undef MPU_WRAPPERS_INCLUDED_FROM_API_FILE /*lint !e961 !e750 !e9021. */
   45          
   46          /*-----------------------------------------------------------
   47          * PUBLIC LIST API documented in list.h
   48          *----------------------------------------------------------*/
   49          
   50          void vListInitialise( List_t * const pxList )
   51          {
   52   1          /* The list structure contains a list item which is used to mark the
   53   1           * end of the list.  To initialise the list the list end is inserted
   54   1           * as the only list entry. */
   55   1          pxList->pxIndex = ( ListItem_t * ) &( pxList->xListEnd ); /*lint !e826 !e740 !e9087 The mini list str
             -ucture is used as the list end to save RAM.  This is checked and valid. */
   56   1      
   57   1          listSET_FIRST_LIST_ITEM_INTEGRITY_CHECK_VALUE( &( pxList->xListEnd ) );
C251 COMPILER V5.60.0,  list                                                               03/12/25  17:09:37  PAGE 2   

   58   1      
   59   1          /* The list end value is the highest possible value in the list to
   60   1           * ensure it remains at the end of the list. */
   61   1          pxList->xListEnd.xItemValue = portMAX_DELAY;
   62   1      
   63   1          /* The list end next and previous pointers point to itself so we know
   64   1           * when the list is empty. */
   65   1          pxList->xListEnd.pxNext = ( ListItem_t * ) &( pxList->xListEnd );     /*lint !e826 !e740 !e9087 The m
             -ini list structure is used as the list end to save RAM.  This is checked and valid. */
   66   1          pxList->xListEnd.pxPrevious = ( ListItem_t * ) &( pxList->xListEnd ); /*lint !e826 !e740 !e9087 The m
             -ini list structure is used as the list end to save RAM.  This is checked and valid. */
   67   1      
   68   1          /* Initialize the remaining fields of xListEnd when it is a proper ListItem_t */
   69   1          #if ( configUSE_MINI_LIST_ITEM == 0 )
                   {
                       pxList->xListEnd.pvOwner = NULL;
                       pxList->xListEnd.pxContainer = NULL;
                       listSET_SECOND_LIST_ITEM_INTEGRITY_CHECK_VALUE( &( pxList->xListEnd ) );
                   }
                   #endif
   76   1      
   77   1          pxList->uxNumberOfItems = ( UBaseType_t ) 0U;
   78   1      
   79   1          /* Write known values into the list if
   80   1           * configUSE_LIST_DATA_INTEGRITY_CHECK_BYTES is set to 1. */
   81   1          listSET_LIST_INTEGRITY_CHECK_1_VALUE( pxList );
   82   1          listSET_LIST_INTEGRITY_CHECK_2_VALUE( pxList );
   83   1      }
   84          /*-----------------------------------------------------------*/
   85          
   86          void vListInitialiseItem( ListItem_t * const pxItem )
   87          {
   88   1          /* Make sure the list item is not recorded as being on a list. */
   89   1          pxItem->pxContainer = NULL;
   90   1      
   91   1          /* Write known values into the list item if
   92   1           * configUSE_LIST_DATA_INTEGRITY_CHECK_BYTES is set to 1. */
   93   1          listSET_FIRST_LIST_ITEM_INTEGRITY_CHECK_VALUE( pxItem );
   94   1          listSET_SECOND_LIST_ITEM_INTEGRITY_CHECK_VALUE( pxItem );
   95   1      }
   96          /*-----------------------------------------------------------*/
   97          
   98          void vListInsertEnd( List_t * const pxList,
   99                               ListItem_t * const pxNewListItem )
  100          {
  101   1          ListItem_t * const pxIndex = pxList->pxIndex;
  102   1      
  103   1          /* Only effective when configASSERT() is also defined, these tests may catch
  104   1           * the list data structures being overwritten in memory.  They will not catch
  105   1           * data errors caused by incorrect configuration or use of FreeRTOS. */
  106   1          listTEST_LIST_INTEGRITY( pxList );
  107   1          listTEST_LIST_ITEM_INTEGRITY( pxNewListItem );
  108   1      
  109   1          /* Insert a new list item into pxList, but rather than sort the list,
  110   1           * makes the new list item the last item to be removed by a call to
  111   1           * listGET_OWNER_OF_NEXT_ENTRY(). */
  112   1          pxNewListItem->pxNext = pxIndex;
  113   1          pxNewListItem->pxPrevious = pxIndex->pxPrevious;
  114   1      
  115   1          /* Only used during decision coverage testing. */
  116   1          mtCOVERAGE_TEST_DELAY();
  117   1      
  118   1          pxIndex->pxPrevious->pxNext = pxNewListItem;
  119   1          pxIndex->pxPrevious = pxNewListItem;
  120   1      
  121   1          /* Remember which list the item is in. */
C251 COMPILER V5.60.0,  list                                                               03/12/25  17:09:37  PAGE 3   

  122   1          pxNewListItem->pxContainer = pxList;
  123   1      
  124   1          ( pxList->uxNumberOfItems )++;
  125   1      }
  126          /*-----------------------------------------------------------*/
  127          
  128          void vListInsert( List_t * const pxList,
  129                            ListItem_t * const pxNewListItem )
  130          {
  131   1          ListItem_t * pxIterator;
  132   1          const TickType_t xValueOfInsertion = pxNewListItem->xItemValue;
  133   1      
  134   1          /* Only effective when configASSERT() is also defined, these tests may catch
  135   1           * the list data structures being overwritten in memory.  They will not catch
  136   1           * data errors caused by incorrect configuration or use of FreeRTOS. */
  137   1          listTEST_LIST_INTEGRITY( pxList );
  138   1          listTEST_LIST_ITEM_INTEGRITY( pxNewListItem );
  139   1      
  140   1          /* Insert the new list item into the list, sorted in xItemValue order.
  141   1           *
  142   1           * If the list already contains a list item with the same item value then the
  143   1           * new list item should be placed after it.  This ensures that TCBs which are
  144   1           * stored in ready lists (all of which have the same xItemValue value) get a
  145   1           * share of the CPU.  However, if the xItemValue is the same as the back marker
  146   1           * the iteration loop below will not end.  Therefore the value is checked
  147   1           * first, and the algorithm slightly modified if necessary. */
  148   1          if( xValueOfInsertion == portMAX_DELAY )
  149   1          {
  150   2              pxIterator = pxList->xListEnd.pxPrevious;
  151   2          }
  152   1          else
  153   1          {
  154   2              /* *** NOTE ***********************************************************
  155   2              *  If you find your application is crashing here then likely causes are
  156   2              *  listed below.  In addition see https://www.FreeRTOS.org/FAQHelp.html for
  157   2              *  more tips, and ensure configASSERT() is defined!
  158   2              *  https://www.FreeRTOS.org/a00110.html#configASSERT
  159   2              *
  160   2              *   1) Stack overflow -
  161   2              *      see https://www.FreeRTOS.org/Stacks-and-stack-overflow-checking.html
  162   2              *   2) Incorrect interrupt priority assignment, especially on Cortex-M
  163   2              *      parts where numerically high priority values denote low actual
  164   2              *      interrupt priorities, which can seem counter intuitive.  See
  165   2              *      https://www.FreeRTOS.org/RTOS-Cortex-M3-M4.html and the definition
  166   2              *      of configMAX_SYSCALL_INTERRUPT_PRIORITY on
  167   2              *      https://www.FreeRTOS.org/a00110.html
  168   2              *   3) Calling an API function from within a critical section or when
  169   2              *      the scheduler is suspended, or calling an API function that does
  170   2              *      not end in "FromISR" from an interrupt.
  171   2              *   4) Using a queue or semaphore before it has been initialised or
  172   2              *      before the scheduler has been started (are interrupts firing
  173   2              *      before vTaskStartScheduler() has been called?).
  174   2              *   5) If the FreeRTOS port supports interrupt nesting then ensure that
  175   2              *      the priority of the tick interrupt is at or below
  176   2              *      configMAX_SYSCALL_INTERRUPT_PRIORITY.
  177   2              **********************************************************************/
  178   2      
  179   2              for( pxIterator = ( ListItem_t * ) &( pxList->xListEnd ); pxIterator->pxNext->xItemValue <= xValu
             -eOfInsertion; pxIterator = pxIterator->pxNext ) /*lint !e826 !e740 !e9087 The mini list structure is used as the list en
             -d to save RAM.  This is checked and valid. *//*lint !e440 The iterator moves to a different value, not xValueOfInsertion
             -. */
  180   2              {
  181   3                  /* There is nothing to do here, just iterating to the wanted
  182   3                   * insertion position. */
  183   3              }
  184   2          }
C251 COMPILER V5.60.0,  list                                                               03/12/25  17:09:37  PAGE 4   

  185   1      
  186   1          pxNewListItem->pxNext = pxIterator->pxNext;
  187   1          pxNewListItem->pxNext->pxPrevious = pxNewListItem;
  188   1          pxNewListItem->pxPrevious = pxIterator;
  189   1          pxIterator->pxNext = pxNewListItem;
  190   1      
  191   1          /* Remember which list the item is in.  This allows fast removal of the
  192   1           * item later. */
  193   1          pxNewListItem->pxContainer = pxList;
  194   1      
  195   1          ( pxList->uxNumberOfItems )++;
  196   1      }
  197          /*-----------------------------------------------------------*/
  198          
  199          UBaseType_t uxListRemove( ListItem_t * const pxItemToRemove )
  200          {
  201   1      /* The list item knows which list it is in.  Obtain the list from the list
  202   1       * item. */
  203   1          List_t * const pxList = pxItemToRemove->pxContainer;
  204   1      
  205   1          pxItemToRemove->pxNext->pxPrevious = pxItemToRemove->pxPrevious;
  206   1          pxItemToRemove->pxPrevious->pxNext = pxItemToRemove->pxNext;
  207   1      
  208   1          /* Only used during decision coverage testing. */
  209   1          mtCOVERAGE_TEST_DELAY();
  210   1      
  211   1          /* Make sure the index is left pointing to a valid item. */
  212   1          if( pxList->pxIndex == pxItemToRemove )
  213   1          {
  214   2              pxList->pxIndex = pxItemToRemove->pxPrevious;
  215   2          }
  216   1          else
  217   1          {
  218   2              mtCOVERAGE_TEST_MARKER();
  219   2          }
  220   1      
  221   1          pxItemToRemove->pxContainer = NULL;
  222   1          ( pxList->uxNumberOfItems )--;
  223   1      
  224   1          return pxList->uxNumberOfItems;
  225   1      }
  226          /*-----------------------------------------------------------*/


Module Information          Static   Overlayable
------------------------------------------------
  code size            =       377     ------
  ecode size           =    ------     ------
  data size            =    ------     ------
  idata size           =    ------     ------
  pdata size           =    ------     ------
  xdata size           =    ------     ------
  xdata-const size     =    ------     ------
  edata size           =    ------     ------
  bit size             =    ------     ------
  ebit size            =    ------     ------
  bitaddressable size  =    ------     ------
  ebitaddressable size =    ------     ------
  far data size        =    ------     ------
  huge data size       =    ------     ------
  const size           =    ------     ------
  hconst size          =    ------     ------
End of Module Information.


C251 COMPILATION COMPLETE.  0 WARNING(S),  0 ERROR(S)
