C251 COMPILER V5.60.0,  UART1                                                              03/12/25  17:09:38  PAGE 1   


C251 COMPILER V5.60.0, COMPILATION OF MODULE UART1
OBJECT MODULE PLACED IN .\Objects\UART1.obj
COMPILER INVOKED BY: D:\MDK\C251\BIN\C251.EXE UART1.C XSMALL INTR2 FUNCTIONS(REENTRANT) BROWSE INCDIR(.\FreeRTOS\include
                    -;.\library;.\FreeRTOS\portable\STC32G12K128) DEBUG PRINT(.\Listings\UART1.lst) OBJECT(.\Objects\UART1.obj) 

stmt  level    source

    1          /*---------------------------------------------------------
    2          UART1.C
    3          ----------------------------------------------------------*/
    4          
    5          /*---------------------------------------------------------
    6          文件包含
    7          ----------------------------------------------------------*/
    8          #include "UART1.H"
    9          #include ".\library\STC32G_Switch.H"
   10          #include ".\library\STC32G_GPIO.h"
   11          
   12          /*---------------------------------------------------------
   13          发送部分定义及变量
   14          ----------------------------------------------------------*/
   15          static u8 xdata  TX_BUF[UART1_TX_BUF_SIZE]; //数据池
   16          static u16  TX_W_ADDR=0;        //W指针
   17          static u16  TX_R_ADDR=0;        //R指针
   18          static u16  TX_DMA_SIZE =0;     //正在DMA处理的字节数量
   19          static bit  TX_IDLE=1;          //
   20          
   21          /*---------------------------------------------------------
   22          接收部分定义及变量
   23          ----------------------------------------------------------*/
   24          static u8 xdata     RX_BUF[UART1_RX_BUF_SIZE];  //数据池
   25          static u16          RX_R_ADDR=0;                //数据读到此处的指针
   26          
   27          
   28          /*---------------------------------------------------------
   29          DMA_UART1TX中断
   30          ----------------------------------------------------------*/
   31          void DMA_UART1TX_ISR_Handler (void) interrupt 13
   32          {
   33   1          DMA_UR1T_STA = 0;           //清除中断标志
   34   1          TX_R_ADDR+=TX_DMA_SIZE;     //发送指针递加
   35   1          if(TX_R_ADDR>=UART1_TX_BUF_SIZE)TX_R_ADDR=0;    //指针循环调整
   36   1          if(TX_W_ADDR!=TX_R_ADDR)    //如果有数据要发出
   37   1          {
   38   2              TX_DMA_SIZE = (TX_W_ADDR>TX_R_ADDR)? TX_W_ADDR-TX_R_ADDR : UART1_TX_BUF_SIZE-TX_R_ADDR;
   39   2              DMA_UR1T_AMTH = (TX_DMA_SIZE-1)>>8;             //字节数
   40   2              DMA_UR1T_AMT  = (TX_DMA_SIZE-1);                //字节数
   41   2              DMA_UR1T_TXAH = (u16)(&TX_BUF[TX_R_ADDR])>>8;   //地址
   42   2              DMA_UR1T_TXAL = (u16)(&TX_BUF[TX_R_ADDR]);      //地址
   43   2              DMA_UR1T_CR   = 0XC0;                           //启动DMA
   44   2          }
   45   1          else{
   46   2              TX_IDLE = 1;
   47   2          }
   48   1      }
   49          
   50          
   51          /*---------------------------------------------------------
   52          DMA_UART1RX中断
   53          ----------------------------------------------------------*/
   54          void DMA_UART1RX_ISR_Handler (void) interrupt 22    //借用22中断
   55          {
   56   1          DMA_UR1R_STA = 0;   //清除中断标志
   57   1          DMA_UR1R_CR = 0XA1; //开DMA接收
   58   1      }
C251 COMPILER V5.60.0,  UART1                                                              03/12/25  17:09:38  PAGE 2   

   59          
   60          
   61          /*---------------------------------------------------------
   62          返回发送区容量
   63          ----------------------------------------------------------*/
   64          u16 UART1_GetCapacity( void )
   65          {
   66   1          u16 tx_r_addr;
   67   1      
   68   1          portENTER_CRITICAL();
   69   1          tx_r_addr = TX_R_ADDR;
   70   1          portEXIT_CRITICAL();
   71   1          return ( (TX_W_ADDR>=tx_r_addr)? UART1_TX_BUF_SIZE-(TX_W_ADDR-tx_r_addr)-1 : tx_r_addr-TX_W_ADDR-1); 
             -   //-1表示缓冲区留一字节,不全写满, 因为写满后TX_R_ADDR==TX_W_ADDR, 会被判断为无数据
   72   1      }
   73          
   74          
   75          /*---------------------------------------------------------
   76          串口发送数据,缓冲区容量不足返回1
   77          ----------------------------------------------------------*/
   78          u8 UART1_Send( void *pt, u16 Size)
   79          {    
   80   1          u8 *buf = pt;
   81   1          u16 tx_w_addr;
   82   1          
   83   1          if(UART1_GetCapacity()<Size) return 1;
   84   1          
   85   1          tx_w_addr = TX_W_ADDR;
   86   1          
   87   1          if((tx_w_addr+Size)<UART1_TX_BUF_SIZE){      //复制数据
   88   2              memcpy(&TX_BUF[tx_w_addr],buf,Size);
   89   2              tx_w_addr+=Size;
   90   2          }
   91   1          else{
   92   2              u16 len = UART1_TX_BUF_SIZE-tx_w_addr;
   93   2              memcpy(&TX_BUF[tx_w_addr],buf,len);
   94   2              buf+=len;
   95   2              len=Size-len;
   96   2              memcpy(&TX_BUF[0],buf,len);
   97   2              tx_w_addr=len;
   98   2          }
   99   1          
  100   1          portENTER_CRITICAL();
  101   1          TX_W_ADDR = tx_w_addr;
  102   1          if(TX_IDLE){
  103   2              if(TX_W_ADDR!=TX_R_ADDR){
  104   3                  TX_IDLE=0;
  105   3                  TX_DMA_SIZE = (TX_W_ADDR>TX_R_ADDR)? TX_W_ADDR-TX_R_ADDR : UART1_TX_BUF_SIZE-TX_R_ADDR;
  106   3                  DMA_UR1T_AMTH = (TX_DMA_SIZE-1)>>8;             //字节数
  107   3                  DMA_UR1T_AMT  = (TX_DMA_SIZE-1);                //字节数
  108   3                  DMA_UR1T_TXAH = (u16)(&TX_BUF[TX_R_ADDR])>>8;   //地址
  109   3                  DMA_UR1T_TXAL = (u16)(&TX_BUF[TX_R_ADDR]);      //地址
  110   3                  DMA_UR1T_CR   = 0XC0;                           //启动DMA
  111   3              }
  112   2          }
  113   1          portEXIT_CRITICAL();
  114   1              
  115   1          return 0;
  116   1      }
  117          
  118          /*---------------------------------------------------------
  119          串口发送一字节,无容量返回1
  120          ----------------------------------------------------------*/
  121          u8 UART1_Send_U8(u8 val)
  122          {
  123   1          return UART1_Send(&val,1);
C251 COMPILER V5.60.0,  UART1                                                              03/12/25  17:09:38  PAGE 3   

  124   1      }
  125          
  126          /*---------------------------------------------------------
  127          串口发送一字,无容量返回1
  128          ----------------------------------------------------------*/
  129          u8 UART1_Send_U16(u16 val)
  130          {
  131   1          u8 buf[2];
  132   1          buf[1] = val;   val>>=8;
  133   1          buf[0] = val;
  134   1          return UART1_Send(buf,2);
  135   1      }
  136          
  137          /*---------------------------------------------------------
  138          串口发送一字,无容量返回1
  139          ----------------------------------------------------------*/
  140          u8 UART1_Send_U32(u16 val)
  141          {
  142   1          u8 buf[4];
  143   1          buf[3] = val;   val>>=8;
  144   1          buf[2] = val;   val>>=8;
  145   1          buf[1] = val;   val>>=8;
  146   1          buf[0] = val;
  147   1          return UART1_Send(buf,4);
  148   1      }
  149          
  150          
  151          /*---------------------------------------------------------
  152          返回DMA_UR1R_DONE
  153          ----------------------------------------------------------*/
  154          static u16 DmaUr1rDoneNu(void)
  155          {
  156   1          u8 a,b,c;
  157   1          portENTER_CRITICAL();
  158   1          do{
  159   2              a = DMA_UR1R_DONEH;
  160   2              b = DMA_UR1R_DONE;
  161   2              c = DMA_UR1R_DONEH;
  162   2          }while(a!=c);
  163   1          portEXIT_CRITICAL();
  164   1          return ((u16)c<<8)+(u16)b;
  165   1      }
  166          
  167          
  168          /*---------------------------------------------------------
  169          读串口数据
  170          ----------------------------------------------------------*/
  171          u16 UART1_Receive(u8 *buf, u16 Size)
  172          {
  173   1          u16 w_addr,nu=0;
  174   1          if(Size==0)return 0;
  175   1          w_addr=DmaUr1rDoneNu();
  176   1          if(RX_R_ADDR==w_addr)return 0;
  177   1          nu = (w_addr>RX_R_ADDR)? w_addr-RX_R_ADDR : w_addr+UART1_RX_BUF_SIZE-RX_R_ADDR;
  178   1          nu = (nu<Size)? nu:Size;
  179   1          if((RX_R_ADDR+nu)<UART1_RX_BUF_SIZE){
  180   2              memcpy(buf,&RX_BUF[RX_R_ADDR],nu);
  181   2              RX_R_ADDR+=nu;
  182   2              return nu;
  183   2          }
  184   1          else{
  185   2              u16 len = UART1_RX_BUF_SIZE-RX_R_ADDR;
  186   2              memcpy(buf,&RX_BUF[RX_R_ADDR],len);
  187   2              buf+=len;
  188   2              len=nu-len;
  189   2              memcpy(buf,&RX_BUF[0],len);
C251 COMPILER V5.60.0,  UART1                                                              03/12/25  17:09:38  PAGE 4   

  190   2              RX_R_ADDR=len;
  191   2              return nu;
  192   2          }
  193   1      }
  194          
  195          /*---------------------------------------------------------
  196          DMA_UART1_Init
  197          ----------------------------------------------------------*/
  198          static void DMA_UART1_Init(void)            
  199          {
  200   1          DMA_UR1T_STA = 0x00;                            //清除标志
  201   1              DMA_UR1T_CFG = 0x8A;                                //允许DMA中断, 中断Priority_2优先级,传输Priority_2优先级
  202   1          
  203   1          DMA_UR1R_STA  = 0x00;                           //清除标志
  204   1          DMA_UR1R_AMTH = (UART1_RX_BUF_SIZE-1)>>8;       //字节数
  205   1          DMA_UR1R_AMT  = (UART1_RX_BUF_SIZE-1);              //字节数                
  206   1          DMA_UR1R_RXAH = (u16)RX_BUF>>8;                 //地址
  207   1          DMA_UR1R_RXAL = (u16)RX_BUF;                    //地址
  208   1              DMA_UR1R_CFG  = 0x8A;                               //允许DMA中断, 中断Priority_2优先级,传输Priority_2优先级
  209   1          DMA_UR1R_CR = 0XA1;                             //开DMA接收
  210   1      }
  211          
  212          
  213          /*---------------------------------------------------------
  214          初始化串口 
  215          ----------------------------------------------------------*/
  216          void UART1_Init(u32 btl)
  217          {
  218   1              P3_MODE_IO_PU(GPIO_Pin_0|GPIO_Pin_1);   //RXD TXD 设置为准双向口
  219   1          P3_PULL_UP_ENABLE(GPIO_Pin_1);          //TXD 4.1K上拉
  220   1          UART1_SW(UART1_SW_P30_P31);             //切换引脚
  221   1          
  222   1              SCON = 0x50;                                //8位数据,可变波特率
  223   1              AUXR |= 0x01;                               //串口1选择定时器2为波特率发生器
  224   1              AUXR |= 0x04;                               //定时器时钟1T模式
  225   1              T2L = (65536-(MAIN_Fosc/4/btl));        //设置定时初始值
  226   1              T2H = (65536-(MAIN_Fosc/4/btl))>>8;     //设置定时初始值
  227   1              AUXR |= 0x10;                               //定时器2开始计时
  228   1          
  229   1          ES   = 0;                               //不开中断
  230   1          DMA_UART1_Init();                       //初始化DMA
  231   1      }
  232          
  233          
  234          /*---------------------------------------------------------
  235          重写putchar
  236          ----------------------------------------------------------*/
  237          #pragma functions (static)
  238          char putchar (char c)  {
  239   1              UART1_Send(&c,1);
  240   1              return c;
  241   1      }
  242          /*---------------------------------------------------------
  243          end
  244          ----------------------------------------------------------*/
  245          


Module Information          Static   Overlayable
------------------------------------------------
  code size            =      1018     ------
  ecode size           =    ------     ------
  data size            =    ------     ------
  idata size           =    ------     ------
  pdata size           =    ------     ------
  xdata size           =       384     ------
  xdata-const size     =    ------     ------
C251 COMPILER V5.60.0,  UART1                                                              03/12/25  17:09:38  PAGE 5   

  edata size           =         8          1
  bit size             =         1     ------
  ebit size            =    ------     ------
  bitaddressable size  =    ------     ------
  ebitaddressable size =    ------     ------
  far data size        =    ------     ------
  huge data size       =    ------     ------
  const size           =    ------     ------
  hconst size          =        24     ------
End of Module Information.


C251 COMPILATION COMPLETE.  0 WARNING(S),  0 ERROR(S)
