BL51 BANKED LINKER/LOCATER V6.22.4.0                                                    11/29/2025  19:16:28  PAGE 1


BL51 BANKED LINKER/LOCATER V6.22.4.0, INVOKED BY:
D:\MDK\C51\BIN\BL51.EXE .\Objects\main.obj TO .\Objects\uCx51_Demo PRINT (.\Listings\uCx51_Demo.m51) IXREF RAMSIZE (256)
>> 


MEMORY MODEL: LARGE WITH FLOATING POINT ARITHMETIC


INPUT MODULES INCLUDED:
  .\Objects\main.obj (MAIN)
  D:\MDK\C51\LIB\C51FPL.LIB (?C?FPADD)
  D:\MDK\C51\LIB\C51FPL.LIB (PRINTF)
  D:\MDK\C51\LIB\C51FPL.LIB (SCANF)
  D:\MDK\C51\LIB\C51FPL.LIB (?C?FPGETOPN)
  D:\MDK\C51\LIB\C51FPL.LIB (?C?FPROUND)
  D:\MDK\C51\LIB\C51FPL.LIB (?C?FPCONVERT)
  D:\MDK\C51\LIB\C51FPL.LIB (?C?ATOF)
  D:\MDK\C51\LIB\C51FPL.LIB (?C?FPMUL)
  D:\MDK\C51\LIB\C51FPL.LIB (?C?FPDIV)
  D:\MDK\C51\LIB\C51FPL.LIB (?C?FPNEG)
  D:\MDK\C51\LIB\C51FPL.LIB (?C?FCAST)
  D:\MDK\C51\LIB\C51FPL.LIB (?C?FTNPWR)
  D:\MDK\C51\LIB\C51L.LIB (?C_STARTUP)
  D:\MDK\C51\LIB\C51L.LIB (?C?CLDPTR)
  D:\MDK\C51\LIB\C51L.LIB (?C?CLDOPTR)
  D:\MDK\C51\LIB\C51L.LIB (?C?CSTPTR)
  D:\MDK\C51\LIB\C51L.LIB (?C?ISTPTR)
  D:\MDK\C51\LIB\C51L.LIB (?C?SLDIV)
  D:\MDK\C51\LIB\C51L.LIB (?C?LNEG)
  D:\MDK\C51\LIB\C51L.LIB (?C?LSTPTR)
  D:\MDK\C51\LIB\C51L.LIB (?C?LSTXDATA)
  D:\MDK\C51\LIB\C51L.LIB (?C?LSTKXDATA)
  D:\MDK\C51\LIB\C51L.LIB (?C?PLDXDATA)
  D:\MDK\C51\LIB\C51L.LIB (?C?PLDIXDATA)
  D:\MDK\C51\LIB\C51L.LIB (?C?PILDXDATA)
  D:\MDK\C51\LIB\C51L.LIB (?C?PSTXDATA)
  D:\MDK\C51\LIB\C51L.LIB (?C?CCASE)
  D:\MDK\C51\LIB\C51L.LIB (PUTCHAR)
  D:\MDK\C51\LIB\C51L.LIB (GETCHAR)
  D:\MDK\C51\LIB\C51L.LIB (UNGETC)
  D:\MDK\C51\LIB\C51L.LIB (ISSPACE)
  D:\MDK\C51\LIB\C51L.LIB (?C?ULDIV)
  D:\MDK\C51\LIB\C51L.LIB (?C?LSTIDATA)
  D:\MDK\C51\LIB\C51L.LIB (?C?LSTPDATA)
  D:\MDK\C51\LIB\C51L.LIB (_GETKEY)


LINK MAP OF MODULE:  .\Objects\uCx51_Demo (MAIN)


            TYPE    BASE      LENGTH    RELOCATION   SEGMENT NAME
            -----------------------------------------------------

            * * * * * * *   D A T A   M E M O R Y   * * * * * * *
            REG     0000H     0008H     ABSOLUTE     "REG BANK 0"
            DATA    0008H     0010H     UNIT         _DATA_GROUP_
                    0018H     0008H                  *** GAP ***
            BIT     0020H.0   0002H.4   UNIT         _BIT_GROUP_
BL51 BANKED LINKER/LOCATER V6.22.4.0                                                  11/29/2025  19:16:28  PAGE 2


            BIT     0022H.4   0000H.1   UNIT         ?BI?GETCHAR
                    0022H.5   0000H.3                *** GAP ***
            IDATA   0023H     0001H     UNIT         ?STACK

            * * * * * * *  X D A T A   M E M O R Y  * * * * * * *
            XDATA   0000H     006CH     UNIT         _XDATA_GROUP_
            XDATA   006CH     0004H     UNIT         ?XD?MAIN
            XDATA   0070H     0001H     UNIT         ?XD?GETCHAR

            * * * * * * *   C O D E   M E M O R Y   * * * * * * *
            CODE    0000H     0003H     ABSOLUTE     
            CODE    0003H     0008H     UNIT         ?PR?GETCHAR?UNGETCHAR
            CODE    000BH     0003H     ABSOLUTE     
            CODE    000EH     0711H     UNIT         ?C?LIB_CODE
            CODE    071FH     0483H     UNIT         ?PR?PRINTF?PRINTF
            CODE    0BA2H     035AH     UNIT         ?PR?SCANF?SCANF
            CODE    0EFCH     00E6H     UNIT         ?PR??C?ATOF??C?ATOF
            CODE    0FE2H     00A6H     UNIT         ?PR?MAIN?MAIN
            CODE    1088H     009DH     UNIT         ?PR?TIMER0_ISR?MAIN
            CODE    1125H     0044H     UNIT         ?C?LDIV
            CODE    1169H     0031H     UNIT         ?CO?MAIN
            CODE    119AH     0027H     UNIT         ?PR?PUTCHAR?PUTCHAR
            CODE    11C1H     0014H     UNIT         ?PR?GETCHAR?GETCHAR
            CODE    11D5H     0014H     UNIT         ?PR?_ISSPACE?ISSPACE
            CODE    11E9H     000CH     UNIT         ?C_C51STARTUP
            CODE    11F5H     000AH     UNIT         ?PR?_GETKEY?_GETKEY



OVERLAY MAP OF MODULE:   .\Objects\uCx51_Demo (MAIN)


SEGMENT                           BIT_GROUP          DATA_GROUP          XDATA_GROUP
  +--> CALLED SEGMENT          START    LENGTH     START    LENGTH     START    LENGTH
--------------------------------------------------------------------------------------
?PR?TIMER0_ISR?MAIN            -----    -----      -----    -----      -----    -----
  +--> ?CO?MAIN
  +--> ?PR?PRINTF?PRINTF

?PR?PRINTF?PRINTF              0021H.1  0001H.1    000DH    0005H      003CH    0030H
  +--> ?PR?PUTCHAR?PUTCHAR

*** NEW ROOT ***************************************************

?C_C51STARTUP                  -----    -----      -----    -----      -----    -----
  +--> ?PR?MAIN?MAIN

?PR?MAIN?MAIN                  -----    -----      -----    -----      0030H    000CH
  +--> ?CO?MAIN
  +--> ?PR?PRINTF?PRINTF
  +--> ?PR?SCANF?SCANF

?PR?SCANF?SCANF                0021H.1  0000H.6    000DH    0009H      003CH    002EH
  +--> ?PR?GETCHAR?UNGETCHAR
  +--> ?PR?_ISSPACE?ISSPACE
  +--> ?PR?GETCHAR?GETCHAR
  +--> ?PR??C?ATOF??C?ATOF
BL51 BANKED LINKER/LOCATER V6.22.4.0                                                  11/29/2025  19:16:28  PAGE 3



?PR?GETCHAR?GETCHAR            -----    -----      -----    -----      -----    -----
  +--> ?PR?_GETKEY?_GETKEY
  +--> ?PR?PUTCHAR?PUTCHAR

?PR??C?ATOF??C?ATOF            0021H.7  0000H.5    0016H    0002H      -----    -----



SYMBOL TABLE OF MODULE:  .\Objects\uCx51_Demo (MAIN)

  VALUE           TYPE          NAME
  ----------------------------------

  -------         MODULE        MAIN
  C:0000H         SYMBOL        _ICE_DUMMY_
  D:0080H         PUBLIC        P0
  D:0090H         PUBLIC        P1
  D:00A0H         PUBLIC        P2
  D:00B0H         PUBLIC        P3
  C:1088H         PUBLIC        Timer0_ISR
  D:00C0H         PUBLIC        P4
  D:00C8H         PUBLIC        P5
  D:00E8H         PUBLIC        P6
  B:00A8H.7       PUBLIC        EA
  D:00F8H         PUBLIC        P7
  D:00A8H         PUBLIC        IE
  B:00A8H.4       PUBLIC        ES
  D:00B8H         PUBLIC        IP
  B:0098H.1       PUBLIC        TI
  B:00B8H.4       PUBLIC        PS
  C:0FE2H         PUBLIC        main
  D:0098H         PUBLIC        SCON
  D:0089H         PUBLIC        TMOD
  D:0088H         PUBLIC        TCON
  X:006CH         PUBLIC        Tick0
  D:008EH         PUBLIC        AUXR
  B:00A8H.1       PUBLIC        ET0
  B:0088H.5       PUBLIC        TF0
  D:008CH         PUBLIC        TH0
  D:00D6H         PUBLIC        T2H
  D:008AH         PUBLIC        TL0
  D:00D7H         PUBLIC        T2L
  B:0088H.4       PUBLIC        TR0
  D:00D0H         PUBLIC        PSW
  -------         PROC          MAIN
  -------         DO            
  X:0030H         SYMBOL        X
  X:0034H         SYMBOL        Y
  X:0038H         SYMBOL        Z
  C:1018H         SYMBOL        Main_Loop
  -------         ENDDO         
  C:0FE2H         LINE#         24
  C:0FE2H         LINE#         29
  C:0FE5H         LINE#         30
  C:0FE8H         LINE#         31
  C:0FEBH         LINE#         32
BL51 BANKED LINKER/LOCATER V6.22.4.0                                                  11/29/2025  19:16:28  PAGE 4


  C:0FEEH         LINE#         33
  C:0FF1H         LINE#         34
  C:0FF4H         LINE#         35
  C:0FF6H         LINE#         36
  C:0FF8H         LINE#         37
  C:0FFAH         LINE#         40
  C:0FFDH         LINE#         41
  C:1000H         LINE#         42
  C:1003H         LINE#         43
  C:1006H         LINE#         44
  C:1008H         LINE#         45
  C:100AH         LINE#         46
  C:100CH         LINE#         49
  C:1016H         LINE#         53
  C:1018H         LINE#         57
  C:1018H         LINE#         58
  C:1021H         LINE#         59
  C:1044H         LINE#         61
  C:1069H         LINE#         62
  C:1086H         LINE#         65
  -------         ENDPROC       MAIN
  -------         PROC          TIMER0_ISR
  C:1088H         LINE#         69
  C:10A5H         LINE#         72
  C:10CAH         LINE#         75
  C:10EDH         LINE#         76
  C:110AH         LINE#         77
  C:110AH         LINE#         79
  -------         ENDPROC       TIMER0_ISR
  -------         ENDMOD        MAIN

  -------         MODULE        ?C?FPADD
  C:0015H         PUBLIC        ?C?FPADD
  C:0011H         PUBLIC        ?C?FPSUB
  -------         ENDMOD        ?C?FPADD

  -------         MODULE        PRINTF
  X:003CH         PUBLIC        ?_PRINTF?BYTE
  X:003CH         PUBLIC        ?_SPRINTF?BYTE
  C:078AH         PUBLIC        _PRINTF
  C:0784H         PUBLIC        _SPRINTF
  -------         ENDMOD        PRINTF

  -------         MODULE        SCANF
  X:003CH         PUBLIC        ?_SCANF?BYTE
  X:003CH         PUBLIC        ?_SSCANF?BYTE
  C:0C2FH         PUBLIC        _SCANF
  C:0C2BH         PUBLIC        _SSCANF
  -------         ENDMOD        SCANF

  -------         MODULE        ?C?FPROUND
  C:0150H         PUBLIC        ?C?FPROUND
  -------         ENDMOD        ?C?FPROUND

  -------         MODULE        ?C?FPCONVERT
  C:018DH         PUBLIC        ?C?FPCONVERT
  -------         ENDMOD        ?C?FPCONVERT
BL51 BANKED LINKER/LOCATER V6.22.4.0                                                  11/29/2025  19:16:28  PAGE 5



  -------         MODULE        ?C?FPMUL
  C:0292H         PUBLIC        ?C?FPMUL
  -------         ENDMOD        ?C?FPMUL

  -------         MODULE        ?C?FPDIV
  C:039BH         PUBLIC        ?C?FPDIV
  -------         ENDMOD        ?C?FPDIV

  -------         MODULE        ?C?FPNEG
  C:0438H         PUBLIC        ?C?FPNEG
  -------         ENDMOD        ?C?FPNEG

  -------         MODULE        ?C?FCAST
  C:0453H         PUBLIC        ?C?FCASTC
  C:044EH         PUBLIC        ?C?FCASTI
  C:0449H         PUBLIC        ?C?FCASTL
  -------         ENDMOD        ?C?FCAST

  -------         MODULE        ?C?FTNPWR
  C:04B7H         PUBLIC        ?C?FTNPWR
  -------         ENDMOD        ?C?FTNPWR

  -------         MODULE        ?C?CLDPTR
  C:04F7H         PUBLIC        ?C?CLDPTR
  -------         ENDMOD        ?C?CLDPTR

  -------         MODULE        ?C?CLDOPTR
  C:0510H         PUBLIC        ?C?CLDOPTR
  -------         ENDMOD        ?C?CLDOPTR

  -------         MODULE        ?C?CSTPTR
  C:053DH         PUBLIC        ?C?CSTPTR
  -------         ENDMOD        ?C?CSTPTR

  -------         MODULE        ?C?ISTPTR
  C:054FH         PUBLIC        ?C?ISTPTR
  -------         ENDMOD        ?C?ISTPTR

  -------         MODULE        ?C?SLDIV
  C:1125H         PUBLIC        ?C?SLDIV
  -------         ENDMOD        ?C?SLDIV

  -------         MODULE        ?C?LNEG
  C:056EH         PUBLIC        ?C?LNEG
  -------         ENDMOD        ?C?LNEG

  -------         MODULE        ?C?LSTPTR
  C:057CH         PUBLIC        ?C?LSTPTR
  -------         ENDMOD        ?C?LSTPTR

  -------         MODULE        ?C?LSTXDATA
  C:0596H         PUBLIC        ?C?LSTXDATA
  -------         ENDMOD        ?C?LSTXDATA

  -------         MODULE        ?C?LSTKXDATA
  C:05A2H         PUBLIC        ?C?LSTKXDATA
BL51 BANKED LINKER/LOCATER V6.22.4.0                                                  11/29/2025  19:16:28  PAGE 6


  -------         ENDMOD        ?C?LSTKXDATA

  -------         MODULE        ?C?PLDXDATA
  C:05D3H         PUBLIC        ?C?PLDXDATA
  -------         ENDMOD        ?C?PLDXDATA

  -------         MODULE        ?C?PLDIXDATA
  C:05DCH         PUBLIC        ?C?PLDIXDATA
  -------         ENDMOD        ?C?PLDIXDATA

  -------         MODULE        ?C?PILDXDATA
  C:05F3H         PUBLIC        ?C?PILDXDATA
  -------         ENDMOD        ?C?PILDXDATA

  -------         MODULE        ?C?PSTXDATA
  C:060AH         PUBLIC        ?C?PSTXDATA
  -------         ENDMOD        ?C?PSTXDATA

  -------         MODULE        ?C?CCASE
  C:0613H         PUBLIC        ?C?CCASE
  -------         ENDMOD        ?C?CCASE

  -------         MODULE        PUTCHAR
  C:119AH         PUBLIC        _PUTCHAR
  -------         ENDMOD        PUTCHAR

  -------         MODULE        GETCHAR
  B:0022H.4       PUBLIC        ?C?CHARLOADED
  X:0070H         PUBLIC        ?_UNGETCHAR?BYTE
  C:11C1H         PUBLIC        GETCHAR
  -------         ENDMOD        GETCHAR

  -------         MODULE        UNGETC
  C:0003H         PUBLIC        _UNGETCHAR
  -------         ENDMOD        UNGETC

  -------         MODULE        ISSPACE
  C:11D5H         PUBLIC        _isspace
  -------         ENDMOD        ISSPACE

  -------         MODULE        ?C?ULDIV
  C:0675H         PUBLIC        ?C?ULDIV
  -------         ENDMOD        ?C?ULDIV

  -------         MODULE        ?C?LSTIDATA
  C:0707H         PUBLIC        ?C?LSTIDATA
  -------         ENDMOD        ?C?LSTIDATA

  -------         MODULE        ?C?LSTPDATA
  C:0713H         PUBLIC        ?C?LSTPDATA
  -------         ENDMOD        ?C?LSTPDATA

  -------         MODULE        _GETKEY
  C:11F5H         PUBLIC        _GETKEY
  -------         ENDMOD        _GETKEY


BL51 BANKED LINKER/LOCATER V6.22.4.0                                                  11/29/2025  19:16:28  PAGE 7



INTER-MODULE CROSS-REFERENCE LISTING
------------------------------------


NAME . . . . . . . USAGE    MODULE NAMES
----------------------------------------

?C?ATOFFIRSTCALL . BIT;     ?C?ATOF  SCANF  
?C?CCASE . . . . . CODE;    ?C?CCASE  PRINTF  SCANF  
?C?CHARLOADED. . . BIT;     GETCHAR  UNGETC  
?C?CLDOPTR . . . . CODE;    ?C?CLDOPTR  PRINTF  
?C?CLDPTR. . . . . CODE;    ?C?CLDPTR  PRINTF  SCANF  
?C?CSTPTR. . . . . CODE;    ?C?CSTPTR  PRINTF  SCANF  
?C?FCASTC. . . . . CODE;    ?C?FCAST  ?C?ATOF  
?C?FCASTI. . . . . CODE;    ?C?FCAST  
?C?FCASTL. . . . . CODE;    ?C?FCAST  
?C?FPADD . . . . . CODE;    ?C?FPADD  ?C?ATOF  ?C?FPCONVERT  MAIN  
?C?FPATOF. . . . . CODE;    ?C?ATOF  SCANF  
?C?FPCONVERT . . . CODE;    ?C?FPCONVERT  PRINTF  
?C?FPDIV . . . . . CODE;    ?C?FPDIV  ?C?ATOF  ?C?FPCONVERT  
?C?FPGETOPN2 . . . CODE;    ?C?FPGETOPN  ?C?FPADD  ?C?FPDIV  ?C?FPMUL  
?C?FPMUL . . . . . CODE;    ?C?FPMUL  ?C?ATOF  ?C?FPCONVERT  ?C?FTNPWR  
?C?FPNANRESULT . . CODE;    ?C?FPGETOPN  ?C?ATOF  ?C?FPADD  ?C?FPDIV  ?C?FPMUL  
?C?FPNEG . . . . . CODE;    ?C?FPNEG  ?C?ATOF  
?C?FPOVERFLOW. . . CODE;    ?C?FPGETOPN  ?C?FPADD  ?C?FPDIV  ?C?FPMUL  
?C?FPRESULT. . . . CODE;    ?C?FPGETOPN  ?C?FPADD  ?C?FPDIV  ?C?FPMUL  
?C?FPRESULT2 . . . CODE;    ?C?FPGETOPN  ?C?FPDIV  ?C?FPMUL  
?C?FPROUND . . . . CODE;    ?C?FPROUND  PRINTF  
?C?FPSUB . . . . . CODE;    ?C?FPADD  
?C?FPUNDERFLOW . . CODE;    ?C?FPGETOPN  ?C?FPADD  ?C?FPDIV  ?C?FPMUL  
?C?FTNPWR. . . . . CODE;    ?C?FTNPWR  ?C?ATOF  ?C?FPCONVERT  
?C?ISTPTR. . . . . CODE;    ?C?ISTPTR  SCANF  
?C?LNEG. . . . . . CODE;    ?C?LNEG  ?C?FCAST  SCANF  
?C?LSTIDATA. . . . CODE;    ?C?LSTIDATA  ?C?LSTPTR  
?C?LSTKXDATA . . . CODE;    ?C?LSTKXDATA  MAIN  
?C?LSTPDATA. . . . CODE;    ?C?LSTPDATA  ?C?LSTPTR  
?C?LSTPTR. . . . . CODE;    ?C?LSTPTR  SCANF  
?C?LSTXDATA. . . . CODE;    ?C?LSTXDATA  ?C?LSTPTR  MAIN  
?C?PILDXDATA . . . CODE;    ?C?PILDXDATA  SCANF  
?C?PLDIXDATA . . . CODE;    ?C?PLDIXDATA  PRINTF  SCANF  
?C?PLDXDATA. . . . CODE;    ?C?PLDXDATA  SCANF  
?C?PSTXDATA. . . . CODE;    ?C?PSTXDATA  PRINTF  SCANF  
?C?SLDIV . . . . . CODE;    ?C?SLDIV  MAIN  
?C?ULDIV . . . . . CODE;    ?C?ULDIV  ?C?SLDIV  
?C_START . . . . . CODE;    ** L51 GENERATED **  ?C_STARTUP  
?C_STARTUP . . . . CODE;    ?C_STARTUP  MAIN  
?_PRINTF?BYTE. . . XDATA;   PRINTF  MAIN  
?_SCANF?BYTE . . . XDATA;   SCANF  MAIN  
?_SPRINTF?BYTE . . XDATA;   PRINTF  
?_SSCANF?BYTE. . . XDATA;   SCANF  
?_UNGETCHAR?BYTE . XDATA;   GETCHAR  UNGETC  
GETCHAR. . . . . . CODE;    GETCHAR  SCANF  
MAIN . . . . . . . CODE;    MAIN  
TICK0. . . . . . . XDATA;   MAIN  
TIMER0_ISR . . . . CODE;    MAIN  
_GETKEY. . . . . . CODE;    _GETKEY  GETCHAR  
BL51 BANKED LINKER/LOCATER V6.22.4.0                                                  11/29/2025  19:16:28  PAGE 8


_ISSPACE . . . . . CODE;    ISSPACE  SCANF  
_PRINTF. . . . . . CODE;    PRINTF  MAIN  
_PUTCHAR . . . . . CODE;    PUTCHAR  GETCHAR  PRINTF  
_SCANF . . . . . . CODE;    SCANF  MAIN  
_SPRINTF . . . . . CODE;    PRINTF  
_SSCANF. . . . . . CODE;    SCANF  
_UNGETCHAR . . . . CODE;    UNGETC  SCANF  

*** WARNING L15: MULTIPLE CALL TO SEGMENT
    SEGMENT: ?PR?PRINTF?PRINTF
    CALLER1: ?PR?TIMER0_ISR?MAIN
    CALLER2: ?C_C51STARTUP

Program Size: data=27.5 xdata=113 code=4607
LINK/LOCATE RUN COMPLETE.  1 WARNING(S),  0 ERROR(S)
